2026-01-04 14:49:04 +0000 - dagster - DEBUG - __ASSET_JOB - 36a92393-573b-4595-8bf9-fe282c0ec966 - 36488 - LOGS_CAPTURED - Started capturing logs in process (pid: 36488).
2026-01-04 14:49:04 +0000 - dagster - DEBUG - __ASSET_JOB - 36a92393-573b-4595-8bf9-fe282c0ec966 - 36488 - ireland__curriculum__short_courses - STEP_RESTARTED - Started re-execution (attempt # 2) of step "ireland__curriculum__short_courses".
2026-01-04 14:49:04 +0000 - dagster - INFO - __ASSET_JOB - 36a92393-573b-4595-8bf9-fe282c0ec966 - ireland__curriculum__short_courses - Ingesting short course: sphe/en
2026-01-04 14:49:04 +0000 - dagster - INFO - __ASSET_JOB - 36a92393-573b-4595-8bf9-fe282c0ec966 - ireland__curriculum__short_courses -   curriculumonline/en: https://www.curriculumonline.ie/junior-cycle/short-courses/sphe/
2026-01-04 14:49:18 +0000 - dagster - INFO - __ASSET_JOB - 36a92393-573b-4595-8bf9-fe282c0ec966 - ireland__curriculum__short_courses - Scraped 32 pages for short course sphe
2026-01-04 14:49:18,313|[INFO]|36488|6230437888|dlt|signals.py|intercepted_signals:155|Running in daemon thread, signals not enabled
2026-01-04 14:49:18,314|[INFO]|36488|6230437888|dlt|pool_runner.py|create_pool:171|Created process pool with 3 workers
2026-01-04 14:49:18,314|[INFO]|36488|6230437888|dlt|normalize.py|run:310|Running file normalizing
2026-01-04 14:49:18,314|[INFO]|36488|6230437888|dlt|normalize.py|run:313|Found 1 load packages
2026-01-04 14:49:18,315|[INFO]|36488|6230437888|dlt|normalize.py|run:336|Found 2 files in schema curriculum_unified load_id 1767538158.2056
2026-01-04 14:49:18,316|[INFO]|36488|6230437888|dlt|normalize.py|spool_schema_files:299|Created new load package 1767538158.2056 on loading volume with 2 files
2026-01-04 14:49:18,324|[INFO]|36488|6230437888|dlt|normalize.py|map_parallel:121|Filled 2 out of 2 files
2026-01-04 14:49:19,036|[INFO]|36701|8750860352|dlt|worker.py|_get_items_normalizer:132|A file format for table _dlt_pipeline_state was specified to preferred in the resource so insert_values format being used.
2026-01-04 14:49:19,036|[INFO]|36701|8750860352|dlt|worker.py|_get_items_normalizer:181|Created items normalizer JsonLItemsNormalizer with writer InsertValuesWriter for item format object and file format insert_values
2026-01-04 14:49:19,036|[INFO]|36700|8750860352|dlt|worker.py|_get_items_normalizer:181|Created items normalizer JsonLItemsNormalizer with writer InsertValuesWriter for item format object and file format insert_values
2026-01-04 14:49:19,038|[INFO]|36701|8750860352|dlt|worker.py|w_normalize_files:264|Processed all items in 1 files
2026-01-04 14:49:19,113|[INFO]|36700|8750860352|dlt|worker.py|w_normalize_files:264|Processed all items in 1 files
2026-01-04 14:49:19,238|[INFO]|36488|6230437888|dlt|validate.py|validate_and_update_schema:26|Updating schema for table _dlt_pipeline_state with 1 deltas
2026-01-04 14:49:19,238|[INFO]|36488|6230437888|dlt|validate.py|validate_and_update_schema:26|Updating schema for table curriculum_pages with 3 deltas
2026-01-04 14:49:19,240|[INFO]|36488|6230437888|dlt|validate.py|validate_and_update_schema:26|Updating schema for table curriculum_pages__links with 1 deltas
2026-01-04 14:49:19,240|[INFO]|36488|6230437888|dlt|validate.py|validate_and_update_schema:26|Updating schema for table curriculum_pages__metadata__viewport with 1 deltas
2026-01-04 14:49:19,240|[INFO]|36488|6230437888|dlt|normalize.py|clean_x_normalizer:210|Table _dlt_pipeline_state has seen data for the first time with load id 1767538158.2056
2026-01-04 14:49:19,240|[INFO]|36488|6230437888|dlt|pool_runner.py|run_pool:217|Closing processing pool
2026-01-04 14:49:19,354|[INFO]|36488|6230437888|dlt|pool_runner.py|run_pool:220|Processing pool closed
DB operation #1 failed: Pipeline execution failed at `step=normalize` when processing package with `load_id=1767538158.2056` with exception:

<class 'dlt.common.schema.exceptions.UnboundColumnException'>
In schema `curriculum_unified`: The following columns in table `curriculum_pages` did not receive any data during this load:
  - url (marked as non-nullable primary key and must have values)

This can happen if you specify columns manually, for example, using the `merge_key`, `primary_key` or `columns` argument but they do not exist in the data.


Pending packages are left in the pipeline and will be re-tried on the next pipeline run. If you pass new data to extract to next run, it will be ignored. Run `dlt pipeline curriculum_unified info` for more information or `dlt pipeline curriculum_unified drop-pending-packages` to drop pending packages.
2026-01-04 14:49:19 +0000 - dagster - DEBUG - __ASSET_JOB - 36a92393-573b-4595-8bf9-fe282c0ec966 - 36488 - ireland__curriculum__short_courses - STEP_UP_FOR_RETRY - Execution of step "ireland__curriculum__short_courses" failed and has requested a retry in 90 seconds.

dagster._core.execution.plan.utils.RetryRequestedFromPolicy

Stack Trace:
  File "/Users/cliste/dev/cianfhoghlaim/.venv/lib/python3.12/site-packages/dagster/_core/execution/plan/execute_plan.py", line 247, in dagster_event_sequence_for_step
    yield from check.generator(step_events)
  File "/Users/cliste/dev/cianfhoghlaim/.venv/lib/python3.12/site-packages/dagster/_core/execution/plan/execute_step.py", line 504, in core_dagster_event_sequence_for_step
    for user_event in _step_output_error_checked_user_event_sequence(
                      ^^^^^^^^^^^^^^^^^^^^^^^^^^^^^^^^^^^^^^^^^^^^^^^
  File "/Users/cliste/dev/cianfhoghlaim/.venv/lib/python3.12/site-packages/dagster/_core/execution/plan/execute_step.py", line 183, in _step_output_error_checked_user_event_sequence
    for user_event in user_event_sequence:
                      ^^^^^^^^^^^^^^^^^^^
  File "/Users/cliste/dev/cianfhoghlaim/.venv/lib/python3.12/site-packages/dagster/_core/execution/plan/execute_step.py", line 88, in _process_asset_results_to_events
    for user_event in user_event_sequence:
                      ^^^^^^^^^^^^^^^^^^^
  File "/Users/cliste/dev/cianfhoghlaim/.venv/lib/python3.12/site-packages/dagster/_core/execution/plan/compute.py", line 188, in execute_core_compute
    for step_output in _yield_compute_results(step_context, inputs, compute_fn, compute_context):
                       ^^^^^^^^^^^^^^^^^^^^^^^^^^^^^^^^^^^^^^^^^^^^^^^^^^^^^^^^^^^^^^^^^^^^^^^^^
  File "/Users/cliste/dev/cianfhoghlaim/.venv/lib/python3.12/site-packages/dagster/_core/execution/plan/compute.py", line 157, in _yield_compute_results
    for event in iterate_with_context(
                 ^^^^^^^^^^^^^^^^^^^^^
  File "/Users/cliste/dev/cianfhoghlaim/.venv/lib/python3.12/site-packages/dagster/_utils/__init__.py", line 392, in iterate_with_context
    with context_fn():
         ^^^^^^^^^^^^
  File "/Users/cliste/.local/share/mise/installs/python/3.12.10/lib/python3.12/contextlib.py", line 158, in __exit__
    self.gen.throw(value)
  File "/Users/cliste/dev/cianfhoghlaim/.venv/lib/python3.12/site-packages/dagster/_core/execution/plan/utils.py", line 75, in op_execution_error_boundary
    raise RetryRequestedFromPolicy(

The above exception was caused by the following exception:
dlt.pipeline.exceptions.PipelineStepFailed: Pipeline execution failed at `step=normalize` when processing package with `load_id=1767538158.2056` with exception:

<class 'dlt.common.schema.exceptions.UnboundColumnException'>
In schema `curriculum_unified`: The following columns in table `curriculum_pages` did not receive any data during this load:
  - url (marked as non-nullable primary key and must have values)

This can happen if you specify columns manually, for example, using the `merge_key`, `primary_key` or `columns` argument but they do not exist in the data.


Pending packages are left in the pipeline and will be re-tried on the next pipeline run. If you pass new data to extract to next run, it will be ignored. Run `dlt pipeline curriculum_unified info` for more information or `dlt pipeline curriculum_unified drop-pending-packages` to drop pending packages.

Stack Trace:
  File "/Users/cliste/dev/cianfhoghlaim/.venv/lib/python3.12/site-packages/dagster/_core/execution/plan/utils.py", line 57, in op_execution_error_boundary
    yield
  File "/Users/cliste/dev/cianfhoghlaim/.venv/lib/python3.12/site-packages/dagster/_utils/__init__.py", line 394, in iterate_with_context
    next_output = next(iterator)
                  ^^^^^^^^^^^^^^
  File "/Users/cliste/dev/cianfhoghlaim/.venv/lib/python3.12/site-packages/dagster/_core/execution/plan/compute_generator.py", line 135, in _coerce_op_compute_fn_to_iterator
    result = invoke_compute_fn(
             ^^^^^^^^^^^^^^^^^^
  File "/Users/cliste/dev/cianfhoghlaim/.venv/lib/python3.12/site-packages/dagster/_core/execution/plan/compute_generator.py", line 115, in invoke_compute_fn
    return fn(context, **args_to_pass) if context_arg_provided else fn(**args_to_pass)
           ^^^^^^^^^^^^^^^^^^^^^^^^^^^
  File "/Users/cliste/dev/cianfhoghlaim/sruth/oideachais/dagster_defs/assets/ireland/curriculum_dlt_assets.py", line 407, in _short_course_asset
    load_info = safe_dlt_run(
                ^^^^^^^^^^^^^
  File "/Users/cliste/dev/cianfhoghlaim/sruth/oideachais/dlt_utils/safety.py", line 57, in safe_dlt_run
    return executor.run(_run)
           ^^^^^^^^^^^^^^^^^^
  File "/Users/cliste/dev/cianfhoghlaim/sruth/oideachais/core/storage/serial_executor.py", line 90, in run
    result = future.result()
             ^^^^^^^^^^^^^^^
  File "/Users/cliste/.local/share/mise/installs/python/3.12.10/lib/python3.12/concurrent/futures/_base.py", line 456, in result
    return self.__get_result()
           ^^^^^^^^^^^^^^^^^^^
  File "/Users/cliste/.local/share/mise/installs/python/3.12.10/lib/python3.12/concurrent/futures/_base.py", line 401, in __get_result
    raise self._exception
  File "/Users/cliste/.local/share/mise/installs/python/3.12.10/lib/python3.12/concurrent/futures/thread.py", line 59, in run
    result = self.fn(*self.args, **self.kwargs)
             ^^^^^^^^^^^^^^^^^^^^^^^^^^^^^^^^^^
  File "/Users/cliste/dev/cianfhoghlaim/sruth/oideachais/dlt_utils/safety.py", line 55, in _run
    return pipeline.run(data, **kwargs)
           ^^^^^^^^^^^^^^^^^^^^^^^^^^^^
  File "/Users/cliste/dev/cianfhoghlaim/.venv/lib/python3.12/site-packages/dlt/pipeline/pipeline.py", line 224, in _wrap
    step_info = f(self, *args, **kwargs)
                ^^^^^^^^^^^^^^^^^^^^^^^^
  File "/Users/cliste/dev/cianfhoghlaim/.venv/lib/python3.12/site-packages/dlt/pipeline/pipeline.py", line 272, in _wrap
    return f(self, *args, **kwargs)
           ^^^^^^^^^^^^^^^^^^^^^^^^
  File "/Users/cliste/dev/cianfhoghlaim/.venv/lib/python3.12/site-packages/dlt/pipeline/pipeline.py", line 746, in run
    self.normalize()
  File "/Users/cliste/dev/cianfhoghlaim/.venv/lib/python3.12/site-packages/dlt/pipeline/pipeline.py", line 224, in _wrap
    step_info = f(self, *args, **kwargs)
                ^^^^^^^^^^^^^^^^^^^^^^^^
  File "/Users/cliste/dev/cianfhoghlaim/.venv/lib/python3.12/site-packages/dlt/pipeline/pipeline.py", line 178, in _wrap
    rv = f(self, *args, **kwargs)
         ^^^^^^^^^^^^^^^^^^^^^^^^
  File "/Users/cliste/dev/cianfhoghlaim/.venv/lib/python3.12/site-packages/dlt/pipeline/pipeline.py", line 272, in _wrap
    return f(self, *args, **kwargs)
           ^^^^^^^^^^^^^^^^^^^^^^^^
  File "/Users/cliste/dev/cianfhoghlaim/.venv/lib/python3.12/site-packages/dlt/pipeline/pipeline.py", line 547, in normalize
    raise PipelineStepFailed(

The above exception was caused by the following exception:
dlt.common.schema.exceptions.UnboundColumnException: In schema `curriculum_unified`: The following columns in table `curriculum_pages` did not receive any data during this load:
  - url (marked as non-nullable primary key and must have values)

This can happen if you specify columns manually, for example, using the `merge_key`, `primary_key` or `columns` argument but they do not exist in the data.


Stack Trace:
  File "/Users/cliste/dev/cianfhoghlaim/.venv/lib/python3.12/site-packages/dlt/pipeline/pipeline.py", line 539, in normalize
    runner.run_pool(normalize_step.config, normalize_step)
  File "/Users/cliste/dev/cianfhoghlaim/.venv/lib/python3.12/site-packages/dlt/common/runners/pool_runner.py", line 203, in run_pool
    while _run_func():
          ^^^^^^^^^^^
  File "/Users/cliste/dev/cianfhoghlaim/.venv/lib/python3.12/site-packages/dlt/common/runners/pool_runner.py", line 196, in _run_func
    run_metrics = run_f.run(cast(TExecutor, pool))
                  ^^^^^^^^^^^^^^^^^^^^^^^^^^^^^^^^
  File "/Users/cliste/dev/cianfhoghlaim/.venv/lib/python3.12/site-packages/dlt/normalize/normalize.py", line 349, in run
    self.spool_schema_files(load_id, schema, schema_files)
  File "/Users/cliste/dev/cianfhoghlaim/.venv/lib/python3.12/site-packages/dlt/normalize/normalize.py", line 303, in spool_schema_files
    self.spool_files(load_id, schema.clone(update_normalizers=True), map_f, files)
  File "/Users/cliste/dev/cianfhoghlaim/.venv/lib/python3.12/site-packages/dlt/normalize/normalize.py", line 261, in spool_files
    verify_normalized_table(schema, table, self.config.destination_capabilities)
  File "/Users/cliste/dev/cianfhoghlaim/.venv/lib/python3.12/site-packages/dlt/normalize/validate.py", line 88, in verify_normalized_table
    raise UnboundColumnException(schema.name, table["name"], [column])

