2026-05-23 20:35:39 +0100 - dagster - DEBUG - __ASSET_JOB - b6170c9a-c67b-46ef-bbb3-d3536189d93e - 45454 - LOGS_CAPTURED - Started capturing logs in process (pid: 45454).
2026-05-23 20:35:39 +0100 - dagster - DEBUG - __ASSET_JOB - b6170c9a-c67b-46ef-bbb3-d3536189d93e - 45454 - ireland__curriculum__junior_cycle - STEP_RESTARTED - Started re-execution (attempt # 2) of step "ireland__curriculum__junior_cycle".
2026-05-23 20:35:39 +0100 - dagster - DEBUG - __ASSET_JOB - b6170c9a-c67b-46ef-bbb3-d3536189d93e - 45454 - ireland__curriculum__junior_cycle - STEP_UP_FOR_RETRY - Execution of step "ireland__curriculum__junior_cycle" failed and has requested a retry in 90 seconds.

dagster._core.execution.plan.utils.RetryRequestedFromPolicy

Stack Trace:
  File "/Users/cianmacandeisigh/dev/kings_college_galway/oideachais/.venv/lib/python3.12/site-packages/dagster/_core/execution/plan/execute_plan.py", line 247, in dagster_event_sequence_for_step
    yield from check.generator(step_events)
  File "/Users/cianmacandeisigh/dev/kings_college_galway/oideachais/.venv/lib/python3.12/site-packages/dagster/_core/execution/plan/execute_step.py", line 505, in core_dagster_event_sequence_for_step
    for user_event in _step_output_error_checked_user_event_sequence(
                      ^^^^^^^^^^^^^^^^^^^^^^^^^^^^^^^^^^^^^^^^^^^^^^^
  File "/Users/cianmacandeisigh/dev/kings_college_galway/oideachais/.venv/lib/python3.12/site-packages/dagster/_core/execution/plan/execute_step.py", line 184, in _step_output_error_checked_user_event_sequence
    for user_event in user_event_sequence:
                      ^^^^^^^^^^^^^^^^^^^
  File "/Users/cianmacandeisigh/dev/kings_college_galway/oideachais/.venv/lib/python3.12/site-packages/dagster/_core/execution/plan/execute_step.py", line 88, in _process_asset_results_to_events
    for user_event in user_event_sequence:
                      ^^^^^^^^^^^^^^^^^^^
  File "/Users/cianmacandeisigh/dev/kings_college_galway/oideachais/.venv/lib/python3.12/site-packages/dagster/_core/execution/plan/compute.py", line 188, in execute_core_compute
    for step_output in _yield_compute_results(step_context, inputs, compute_fn, compute_context):
                       ^^^^^^^^^^^^^^^^^^^^^^^^^^^^^^^^^^^^^^^^^^^^^^^^^^^^^^^^^^^^^^^^^^^^^^^^^
  File "/Users/cianmacandeisigh/dev/kings_college_galway/oideachais/.venv/lib/python3.12/site-packages/dagster/_core/execution/plan/compute.py", line 157, in _yield_compute_results
    for event in iterate_with_context(
                 ^^^^^^^^^^^^^^^^^^^^^
  File "/Users/cianmacandeisigh/dev/kings_college_galway/oideachais/.venv/lib/python3.12/site-packages/dagster/_utils/__init__.py", line 392, in iterate_with_context
    with context_fn():
         ^^^^^^^^^^^^
  File "/Users/cianmacandeisigh/.local/share/mise/installs/python/3.12.10/lib/python3.12/contextlib.py", line 158, in __exit__
    self.gen.throw(value)
  File "/Users/cianmacandeisigh/dev/kings_college_galway/oideachais/.venv/lib/python3.12/site-packages/dagster/_core/execution/plan/utils.py", line 75, in op_execution_error_boundary
    raise RetryRequestedFromPolicy(

The above exception was caused by the following exception:
ModuleNotFoundError: No module named 'oideachais'

Stack Trace:
  File "/Users/cianmacandeisigh/dev/kings_college_galway/oideachais/.venv/lib/python3.12/site-packages/dagster/_core/execution/plan/utils.py", line 57, in op_execution_error_boundary
    yield
  File "/Users/cianmacandeisigh/dev/kings_college_galway/oideachais/.venv/lib/python3.12/site-packages/dagster/_utils/__init__.py", line 394, in iterate_with_context
    next_output = next(iterator)
                  ^^^^^^^^^^^^^^
  File "/Users/cianmacandeisigh/dev/kings_college_galway/oideachais/.venv/lib/python3.12/site-packages/dagster/_core/execution/plan/compute_generator.py", line 135, in _coerce_op_compute_fn_to_iterator
    result = invoke_compute_fn(
             ^^^^^^^^^^^^^^^^^^
  File "/Users/cianmacandeisigh/dev/kings_college_galway/oideachais/.venv/lib/python3.12/site-packages/dagster/_core/execution/plan/compute_generator.py", line 115, in invoke_compute_fn
    return fn(context, **args_to_pass) if context_arg_provided else fn(**args_to_pass)
           ^^^^^^^^^^^^^^^^^^^^^^^^^^^
  File "/Users/cianmacandeisigh/dev/kings_college_galway/oideachais/data_platform/dagster_defs/assets/ireland/curriculum_dlt_assets.py", line 206, in _cycle_asset
    from dlt_sources.ireland.curriculum_registry import SubjectRegistry
  File "/Users/cianmacandeisigh/dev/kings_college_galway/oideachais/data_platform/dlt_sources/ireland/__init__.py", line 11, in <module>
    from .curriculum_source import (
  File "/Users/cianmacandeisigh/dev/kings_college_galway/oideachais/data_platform/dlt_sources/ireland/curriculum_source.py", line 43, in <module>
    from oideachais.dlt_sources.ireland.content_deduplication import (

