2026-01-04 14:22:12 +0000 - dagster - DEBUG - __ASSET_JOB - b09c27cf-a67b-452d-ab98-5cb1e96522a0 - 20188 - LOGS_CAPTURED - Started capturing logs in process (pid: 20188).
2026-01-04 14:22:12 +0000 - dagster - DEBUG - __ASSET_JOB - b09c27cf-a67b-452d-ab98-5cb1e96522a0 - 20188 - ireland__curriculum__short_courses - STEP_RESTARTED - Started re-execution (attempt # 2) of step "ireland__curriculum__short_courses".
2026-01-04 14:22:12 +0000 - dagster - INFO - __ASSET_JOB - b09c27cf-a67b-452d-ab98-5cb1e96522a0 - ireland__curriculum__short_courses - Ingesting short course: chinese-language-and-culture/en
2026-01-04 14:22:12 +0000 - dagster - INFO - __ASSET_JOB - b09c27cf-a67b-452d-ab98-5cb1e96522a0 - ireland__curriculum__short_courses -   curriculumonline/en: https://www.curriculumonline.ie/junior-cycle/short-courses/chinese-language-and-culture/
2026-01-04 14:22:26 +0000 - dagster - INFO - __ASSET_JOB - b09c27cf-a67b-452d-ab98-5cb1e96522a0 - ireland__curriculum__short_courses - Scraped 11 pages for short course chinese-language-and-culture
DB operation #1 failed: Package with `load_id=1767536546.85685` could not be found
2026-01-04 14:22:26 +0000 - dagster - DEBUG - __ASSET_JOB - b09c27cf-a67b-452d-ab98-5cb1e96522a0 - 20188 - ireland__curriculum__short_courses - STEP_UP_FOR_RETRY - Execution of step "ireland__curriculum__short_courses" failed and has requested a retry in 90 seconds.

dagster._core.execution.plan.utils.RetryRequestedFromPolicy

Stack Trace:
  File "/Users/cliste/dev/cianfhoghlaim/.venv/lib/python3.12/site-packages/dagster/_core/execution/plan/execute_plan.py", line 247, in dagster_event_sequence_for_step
    yield from check.generator(step_events)
  File "/Users/cliste/dev/cianfhoghlaim/.venv/lib/python3.12/site-packages/dagster/_core/execution/plan/execute_step.py", line 504, in core_dagster_event_sequence_for_step
    for user_event in _step_output_error_checked_user_event_sequence(
                      ^^^^^^^^^^^^^^^^^^^^^^^^^^^^^^^^^^^^^^^^^^^^^^^
  File "/Users/cliste/dev/cianfhoghlaim/.venv/lib/python3.12/site-packages/dagster/_core/execution/plan/execute_step.py", line 183, in _step_output_error_checked_user_event_sequence
    for user_event in user_event_sequence:
                      ^^^^^^^^^^^^^^^^^^^
  File "/Users/cliste/dev/cianfhoghlaim/.venv/lib/python3.12/site-packages/dagster/_core/execution/plan/execute_step.py", line 88, in _process_asset_results_to_events
    for user_event in user_event_sequence:
                      ^^^^^^^^^^^^^^^^^^^
  File "/Users/cliste/dev/cianfhoghlaim/.venv/lib/python3.12/site-packages/dagster/_core/execution/plan/compute.py", line 188, in execute_core_compute
    for step_output in _yield_compute_results(step_context, inputs, compute_fn, compute_context):
                       ^^^^^^^^^^^^^^^^^^^^^^^^^^^^^^^^^^^^^^^^^^^^^^^^^^^^^^^^^^^^^^^^^^^^^^^^^
  File "/Users/cliste/dev/cianfhoghlaim/.venv/lib/python3.12/site-packages/dagster/_core/execution/plan/compute.py", line 157, in _yield_compute_results
    for event in iterate_with_context(
                 ^^^^^^^^^^^^^^^^^^^^^
  File "/Users/cliste/dev/cianfhoghlaim/.venv/lib/python3.12/site-packages/dagster/_utils/__init__.py", line 392, in iterate_with_context
    with context_fn():
         ^^^^^^^^^^^^
  File "/Users/cliste/.local/share/mise/installs/python/3.12.10/lib/python3.12/contextlib.py", line 158, in __exit__
    self.gen.throw(value)
  File "/Users/cliste/dev/cianfhoghlaim/.venv/lib/python3.12/site-packages/dagster/_core/execution/plan/utils.py", line 75, in op_execution_error_boundary
    raise RetryRequestedFromPolicy(

The above exception was caused by the following exception:
dlt.common.storages.exceptions.LoadPackageNotFound: Package with `load_id=1767536546.85685` could not be found

Stack Trace:
  File "/Users/cliste/dev/cianfhoghlaim/.venv/lib/python3.12/site-packages/dagster/_core/execution/plan/utils.py", line 57, in op_execution_error_boundary
    yield
  File "/Users/cliste/dev/cianfhoghlaim/.venv/lib/python3.12/site-packages/dagster/_utils/__init__.py", line 394, in iterate_with_context
    next_output = next(iterator)
                  ^^^^^^^^^^^^^^
  File "/Users/cliste/dev/cianfhoghlaim/.venv/lib/python3.12/site-packages/dagster/_core/execution/plan/compute_generator.py", line 135, in _coerce_op_compute_fn_to_iterator
    result = invoke_compute_fn(
             ^^^^^^^^^^^^^^^^^^
  File "/Users/cliste/dev/cianfhoghlaim/.venv/lib/python3.12/site-packages/dagster/_core/execution/plan/compute_generator.py", line 115, in invoke_compute_fn
    return fn(context, **args_to_pass) if context_arg_provided else fn(**args_to_pass)
           ^^^^^^^^^^^^^^^^^^^^^^^^^^^
  File "/Users/cliste/dev/cianfhoghlaim/sruth/oideachais/dagster_defs/assets/ireland/curriculum_dlt_assets.py", line 407, in _short_course_asset
    load_info = safe_dlt_run(
                ^^^^^^^^^^^^^
  File "/Users/cliste/dev/cianfhoghlaim/sruth/oideachais/dlt_utils/safety.py", line 57, in safe_dlt_run
    return executor.run(_run)
           ^^^^^^^^^^^^^^^^^^
  File "/Users/cliste/dev/cianfhoghlaim/sruth/oideachais/core/storage/serial_executor.py", line 90, in run
    result = future.result()
             ^^^^^^^^^^^^^^^
  File "/Users/cliste/.local/share/mise/installs/python/3.12.10/lib/python3.12/concurrent/futures/_base.py", line 456, in result
    return self.__get_result()
           ^^^^^^^^^^^^^^^^^^^
  File "/Users/cliste/.local/share/mise/installs/python/3.12.10/lib/python3.12/concurrent/futures/_base.py", line 401, in __get_result
    raise self._exception
  File "/Users/cliste/.local/share/mise/installs/python/3.12.10/lib/python3.12/concurrent/futures/thread.py", line 59, in run
    result = self.fn(*self.args, **self.kwargs)
             ^^^^^^^^^^^^^^^^^^^^^^^^^^^^^^^^^^
  File "/Users/cliste/dev/cianfhoghlaim/sruth/oideachais/dlt_utils/safety.py", line 55, in _run
    return pipeline.run(data, **kwargs)
           ^^^^^^^^^^^^^^^^^^^^^^^^^^^^
  File "/Users/cliste/dev/cianfhoghlaim/.venv/lib/python3.12/site-packages/dlt/pipeline/pipeline.py", line 224, in _wrap
    step_info = f(self, *args, **kwargs)
                ^^^^^^^^^^^^^^^^^^^^^^^^
  File "/Users/cliste/dev/cianfhoghlaim/.venv/lib/python3.12/site-packages/dlt/pipeline/pipeline.py", line 272, in _wrap
    return f(self, *args, **kwargs)
           ^^^^^^^^^^^^^^^^^^^^^^^^
  File "/Users/cliste/dev/cianfhoghlaim/.venv/lib/python3.12/site-packages/dlt/pipeline/pipeline.py", line 734, in run
    self.extract(
  File "/Users/cliste/dev/cianfhoghlaim/.venv/lib/python3.12/site-packages/dlt/pipeline/pipeline.py", line 224, in _wrap
    step_info = f(self, *args, **kwargs)
                ^^^^^^^^^^^^^^^^^^^^^^^^
  File "/Users/cliste/dev/cianfhoghlaim/.venv/lib/python3.12/site-packages/dlt/pipeline/pipeline.py", line 178, in _wrap
    rv = f(self, *args, **kwargs)
         ^^^^^^^^^^^^^^^^^^^^^^^^
  File "/Users/cliste/dev/cianfhoghlaim/.venv/lib/python3.12/site-packages/dlt/pipeline/pipeline.py", line 164, in _wrap
    return f(self, *args, **kwargs)
           ^^^^^^^^^^^^^^^^^^^^^^^^
  File "/Users/cliste/dev/cianfhoghlaim/.venv/lib/python3.12/site-packages/dlt/pipeline/pipeline.py", line 272, in _wrap
    return f(self, *args, **kwargs)
           ^^^^^^^^^^^^^^^^^^^^^^^^
  File "/Users/cliste/dev/cianfhoghlaim/.venv/lib/python3.12/site-packages/dlt/pipeline/pipeline.py", line 491, in extract
    step_info = self._get_step_info(extract_step)
                ^^^^^^^^^^^^^^^^^^^^^^^^^^^^^^^^^
  File "/Users/cliste/dev/cianfhoghlaim/.venv/lib/python3.12/site-packages/dlt/pipeline/pipeline.py", line 1578, in _get_step_info
    return step.get_step_info(self)
           ^^^^^^^^^^^^^^^^^^^^^^^^
  File "/Users/cliste/dev/cianfhoghlaim/.venv/lib/python3.12/site-packages/dlt/extract/extract.py", line 509, in get_step_info
    load_package = self.extract_storage.get_load_package_info(load_id)
                   ^^^^^^^^^^^^^^^^^^^^^^^^^^^^^^^^^^^^^^^^^^^^^^^^^^^
  File "/Users/cliste/dev/cianfhoghlaim/.venv/lib/python3.12/site-packages/dlt/extract/storage.py", line 111, in get_load_package_info
    return self.extracted_packages.get_load_package_info(load_id)
           ^^^^^^^^^^^^^^^^^^^^^^^^^^^^^^^^^^^^^^^^^^^^^^^^^^^^^^
  File "/Users/cliste/dev/cianfhoghlaim/.venv/lib/python3.12/site-packages/dlt/common/storages/load_package.py", line 637, in get_load_package_info
    package_jobs = self.get_load_package_jobs(load_id)
                   ^^^^^^^^^^^^^^^^^^^^^^^^^^^^^^^^^^^
  File "/Users/cliste/dev/cianfhoghlaim/.venv/lib/python3.12/site-packages/dlt/common/storages/load_package.py", line 616, in get_load_package_jobs
    raise LoadPackageNotFound(load_id)

The above exception occurred during handling of the following exception:
dlt.common.storages.exceptions.LoadPackageNotFound: Package with `load_id=1767536546.85685` could not be found

Stack Trace:
  File "/Users/cliste/dev/cianfhoghlaim/.venv/lib/python3.12/site-packages/dlt/extract/storage.py", line 109, in get_load_package_info
    return self.new_packages.get_load_package_info(load_id)
           ^^^^^^^^^^^^^^^^^^^^^^^^^^^^^^^^^^^^^^^^^^^^^^^^
  File "/Users/cliste/dev/cianfhoghlaim/.venv/lib/python3.12/site-packages/dlt/common/storages/load_package.py", line 637, in get_load_package_info
    package_jobs = self.get_load_package_jobs(load_id)
                   ^^^^^^^^^^^^^^^^^^^^^^^^^^^^^^^^^^^
  File "/Users/cliste/dev/cianfhoghlaim/.venv/lib/python3.12/site-packages/dlt/common/storages/load_package.py", line 616, in get_load_package_jobs
    raise LoadPackageNotFound(load_id)

The above exception occurred during handling of the following exception:
dlt.common.storages.exceptions.LoadPackageNotFound: Package with `load_id=1767536546.85685` could not be found

Stack Trace:
  File "/Users/cliste/dev/cianfhoghlaim/.venv/lib/python3.12/site-packages/dlt/pipeline/pipeline.py", line 472, in extract
    self._extract_source(
  File "/Users/cliste/dev/cianfhoghlaim/.venv/lib/python3.12/site-packages/dlt/pipeline/pipeline.py", line 1331, in _extract_source
    load_id = extract.extract(
              ^^^^^^^^^^^^^^^^
  File "/Users/cliste/dev/cianfhoghlaim/.venv/lib/python3.12/site-packages/dlt/extract/extract.py", line 491, in extract
    commit_load_package_state()
  File "/Users/cliste/dev/cianfhoghlaim/.venv/lib/python3.12/site-packages/dlt/common/storages/load_package.py", line 824, in commit_load_package_state
    state_ctx.commit()
  File "/Users/cliste/dev/cianfhoghlaim/.venv/lib/python3.12/site-packages/dlt/common/storages/load_package.py", line 798, in commit
    self.storage.save_load_package_state(self.load_id, self.state)
  File "/Users/cliste/dev/cianfhoghlaim/.venv/lib/python3.12/site-packages/dlt/common/storages/load_package.py", line 595, in save_load_package_state
    raise LoadPackageNotFound(load_id)

