2026-01-04 14:23:57 +0000 - dagster - DEBUG - __ASSET_JOB - b09c27cf-a67b-452d-ab98-5cb1e96522a0 - 21585 - LOGS_CAPTURED - Started capturing logs in process (pid: 21585).
2026-01-04 14:23:57 +0000 - dagster - DEBUG - __ASSET_JOB - b09c27cf-a67b-452d-ab98-5cb1e96522a0 - 21585 - ireland__curriculum__short_courses - STEP_RESTARTED - Started re-execution (attempt # 3) of step "ireland__curriculum__short_courses".
2026-01-04 14:23:57 +0000 - dagster - INFO - __ASSET_JOB - b09c27cf-a67b-452d-ab98-5cb1e96522a0 - ireland__curriculum__short_courses - Ingesting short course: chinese-language-and-culture/en
2026-01-04 14:23:57 +0000 - dagster - INFO - __ASSET_JOB - b09c27cf-a67b-452d-ab98-5cb1e96522a0 - ireland__curriculum__short_courses -   curriculumonline/en: https://www.curriculumonline.ie/junior-cycle/short-courses/chinese-language-and-culture/
2026-01-04 14:24:11 +0000 - dagster - INFO - __ASSET_JOB - b09c27cf-a67b-452d-ab98-5cb1e96522a0 - ireland__curriculum__short_courses - Scraped 11 pages for short course chinese-language-and-culture
2026-01-04 14:24:12,065|[INFO]|21585|14512320512|dlt|signals.py|intercepted_signals:155|Running in daemon thread, signals not enabled
2026-01-04 14:24:12,065|[INFO]|21585|14512320512|dlt|pool_runner.py|create_pool:171|Created process pool with 3 workers
2026-01-04 14:24:12,065|[INFO]|21585|14512320512|dlt|normalize.py|run:310|Running file normalizing
2026-01-04 14:24:12,065|[INFO]|21585|14512320512|dlt|normalize.py|run:313|Found 1 load packages
2026-01-04 14:24:12,066|[INFO]|21585|14512320512|dlt|normalize.py|run:336|Found 2 files in schema curriculum_unified load_id 1767536651.9639528
2026-01-04 14:24:12,067|[INFO]|21585|14512320512|dlt|normalize.py|spool_schema_files:299|Created new load package 1767536651.9639528 on loading volume with 2 files
2026-01-04 14:24:12,077|[INFO]|21585|14512320512|dlt|normalize.py|map_parallel:121|Filled 2 out of 2 files
2026-01-04 14:24:12,689|[INFO]|21651|8750860352|dlt|worker.py|_get_items_normalizer:132|A file format for table _dlt_pipeline_state was specified to preferred in the resource so insert_values format being used.
2026-01-04 14:24:12,689|[INFO]|21650|8750860352|dlt|worker.py|_get_items_normalizer:181|Created items normalizer JsonLItemsNormalizer with writer InsertValuesWriter for item format object and file format insert_values
2026-01-04 14:24:12,689|[INFO]|21651|8750860352|dlt|worker.py|_get_items_normalizer:181|Created items normalizer JsonLItemsNormalizer with writer InsertValuesWriter for item format object and file format insert_values
2026-01-04 14:24:12,985|[WARNING]|21585|14512320512|dlt|normalize.py|map_parallel:134|Received exception from worker: Job for `job_id=_dlt_pipeline_state.f9f24832ce.typed-jsonl.gz` failed terminally in load with `load_id=1767536651.9639528` with message: Package with `load_id=1767536651.9639528` could not be found.
2026-01-04 14:24:12,985|[WARNING]|21585|14512320512|dlt|normalize.py|map_parallel:139|Cancelling package 1767536651.9639528
2026-01-04 14:24:12,985|[INFO]|21585|14512320512|dlt|pool_runner.py|run_pool:217|Closing processing pool
2026-01-04 14:24:13,118|[INFO]|21585|14512320512|dlt|pool_runner.py|run_pool:220|Processing pool closed
DB operation #1 failed: Package with `load_id=1767536651.9639528` could not be found
2026-01-04 14:24:13 +0000 - dagster - DEBUG - __ASSET_JOB - b09c27cf-a67b-452d-ab98-5cb1e96522a0 - 21585 - ireland__curriculum__short_courses - STEP_UP_FOR_RETRY - Execution of step "ireland__curriculum__short_courses" failed and has requested a retry in 210 seconds.

dagster._core.execution.plan.utils.RetryRequestedFromPolicy

Stack Trace:
  File "/Users/cliste/dev/cianfhoghlaim/.venv/lib/python3.12/site-packages/dagster/_core/execution/plan/execute_plan.py", line 247, in dagster_event_sequence_for_step
    yield from check.generator(step_events)
  File "/Users/cliste/dev/cianfhoghlaim/.venv/lib/python3.12/site-packages/dagster/_core/execution/plan/execute_step.py", line 504, in core_dagster_event_sequence_for_step
    for user_event in _step_output_error_checked_user_event_sequence(
                      ^^^^^^^^^^^^^^^^^^^^^^^^^^^^^^^^^^^^^^^^^^^^^^^
  File "/Users/cliste/dev/cianfhoghlaim/.venv/lib/python3.12/site-packages/dagster/_core/execution/plan/execute_step.py", line 183, in _step_output_error_checked_user_event_sequence
    for user_event in user_event_sequence:
                      ^^^^^^^^^^^^^^^^^^^
  File "/Users/cliste/dev/cianfhoghlaim/.venv/lib/python3.12/site-packages/dagster/_core/execution/plan/execute_step.py", line 88, in _process_asset_results_to_events
    for user_event in user_event_sequence:
                      ^^^^^^^^^^^^^^^^^^^
  File "/Users/cliste/dev/cianfhoghlaim/.venv/lib/python3.12/site-packages/dagster/_core/execution/plan/compute.py", line 188, in execute_core_compute
    for step_output in _yield_compute_results(step_context, inputs, compute_fn, compute_context):
                       ^^^^^^^^^^^^^^^^^^^^^^^^^^^^^^^^^^^^^^^^^^^^^^^^^^^^^^^^^^^^^^^^^^^^^^^^^
  File "/Users/cliste/dev/cianfhoghlaim/.venv/lib/python3.12/site-packages/dagster/_core/execution/plan/compute.py", line 157, in _yield_compute_results
    for event in iterate_with_context(
                 ^^^^^^^^^^^^^^^^^^^^^
  File "/Users/cliste/dev/cianfhoghlaim/.venv/lib/python3.12/site-packages/dagster/_utils/__init__.py", line 392, in iterate_with_context
    with context_fn():
         ^^^^^^^^^^^^
  File "/Users/cliste/.local/share/mise/installs/python/3.12.10/lib/python3.12/contextlib.py", line 158, in __exit__
    self.gen.throw(value)
  File "/Users/cliste/dev/cianfhoghlaim/.venv/lib/python3.12/site-packages/dagster/_core/execution/plan/utils.py", line 75, in op_execution_error_boundary
    raise RetryRequestedFromPolicy(

The above exception was caused by the following exception:
dlt.common.storages.exceptions.LoadPackageNotFound: Package with `load_id=1767536651.9639528` could not be found

Stack Trace:
  File "/Users/cliste/dev/cianfhoghlaim/.venv/lib/python3.12/site-packages/dagster/_core/execution/plan/utils.py", line 57, in op_execution_error_boundary
    yield
  File "/Users/cliste/dev/cianfhoghlaim/.venv/lib/python3.12/site-packages/dagster/_utils/__init__.py", line 394, in iterate_with_context
    next_output = next(iterator)
                  ^^^^^^^^^^^^^^
  File "/Users/cliste/dev/cianfhoghlaim/.venv/lib/python3.12/site-packages/dagster/_core/execution/plan/compute_generator.py", line 135, in _coerce_op_compute_fn_to_iterator
    result = invoke_compute_fn(
             ^^^^^^^^^^^^^^^^^^
  File "/Users/cliste/dev/cianfhoghlaim/.venv/lib/python3.12/site-packages/dagster/_core/execution/plan/compute_generator.py", line 115, in invoke_compute_fn
    return fn(context, **args_to_pass) if context_arg_provided else fn(**args_to_pass)
           ^^^^^^^^^^^^^^^^^^^^^^^^^^^
  File "/Users/cliste/dev/cianfhoghlaim/sruth/oideachais/dagster_defs/assets/ireland/curriculum_dlt_assets.py", line 407, in _short_course_asset
    load_info = safe_dlt_run(
                ^^^^^^^^^^^^^
  File "/Users/cliste/dev/cianfhoghlaim/sruth/oideachais/dlt_utils/safety.py", line 57, in safe_dlt_run
    return executor.run(_run)
           ^^^^^^^^^^^^^^^^^^
  File "/Users/cliste/dev/cianfhoghlaim/sruth/oideachais/core/storage/serial_executor.py", line 90, in run
    result = future.result()
             ^^^^^^^^^^^^^^^
  File "/Users/cliste/.local/share/mise/installs/python/3.12.10/lib/python3.12/concurrent/futures/_base.py", line 456, in result
    return self.__get_result()
           ^^^^^^^^^^^^^^^^^^^
  File "/Users/cliste/.local/share/mise/installs/python/3.12.10/lib/python3.12/concurrent/futures/_base.py", line 401, in __get_result
    raise self._exception
  File "/Users/cliste/.local/share/mise/installs/python/3.12.10/lib/python3.12/concurrent/futures/thread.py", line 59, in run
    result = self.fn(*self.args, **self.kwargs)
             ^^^^^^^^^^^^^^^^^^^^^^^^^^^^^^^^^^
  File "/Users/cliste/dev/cianfhoghlaim/sruth/oideachais/dlt_utils/safety.py", line 55, in _run
    return pipeline.run(data, **kwargs)
           ^^^^^^^^^^^^^^^^^^^^^^^^^^^^
  File "/Users/cliste/dev/cianfhoghlaim/.venv/lib/python3.12/site-packages/dlt/pipeline/pipeline.py", line 224, in _wrap
    step_info = f(self, *args, **kwargs)
                ^^^^^^^^^^^^^^^^^^^^^^^^
  File "/Users/cliste/dev/cianfhoghlaim/.venv/lib/python3.12/site-packages/dlt/pipeline/pipeline.py", line 272, in _wrap
    return f(self, *args, **kwargs)
           ^^^^^^^^^^^^^^^^^^^^^^^^
  File "/Users/cliste/dev/cianfhoghlaim/.venv/lib/python3.12/site-packages/dlt/pipeline/pipeline.py", line 746, in run
    self.normalize()
  File "/Users/cliste/dev/cianfhoghlaim/.venv/lib/python3.12/site-packages/dlt/pipeline/pipeline.py", line 224, in _wrap
    step_info = f(self, *args, **kwargs)
                ^^^^^^^^^^^^^^^^^^^^^^^^
  File "/Users/cliste/dev/cianfhoghlaim/.venv/lib/python3.12/site-packages/dlt/pipeline/pipeline.py", line 178, in _wrap
    rv = f(self, *args, **kwargs)
         ^^^^^^^^^^^^^^^^^^^^^^^^
  File "/Users/cliste/dev/cianfhoghlaim/.venv/lib/python3.12/site-packages/dlt/pipeline/pipeline.py", line 272, in _wrap
    return f(self, *args, **kwargs)
           ^^^^^^^^^^^^^^^^^^^^^^^^
  File "/Users/cliste/dev/cianfhoghlaim/.venv/lib/python3.12/site-packages/dlt/pipeline/pipeline.py", line 546, in normalize
    step_info = self._get_step_info(normalize_step)
                ^^^^^^^^^^^^^^^^^^^^^^^^^^^^^^^^^^^
  File "/Users/cliste/dev/cianfhoghlaim/.venv/lib/python3.12/site-packages/dlt/pipeline/pipeline.py", line 1578, in _get_step_info
    return step.get_step_info(self)
           ^^^^^^^^^^^^^^^^^^^^^^^^
  File "/Users/cliste/dev/cianfhoghlaim/.venv/lib/python3.12/site-packages/dlt/normalize/normalize.py", line 380, in get_step_info
    load_package = self.get_load_package_info(load_id)
                   ^^^^^^^^^^^^^^^^^^^^^^^^^^^^^^^^^^^
  File "/Users/cliste/dev/cianfhoghlaim/.venv/lib/python3.12/site-packages/dlt/normalize/normalize.py", line 365, in get_load_package_info
    new_package = self.load_storage.new_packages.get_load_package_info(load_id)
                  ^^^^^^^^^^^^^^^^^^^^^^^^^^^^^^^^^^^^^^^^^^^^^^^^^^^^^^^^^^^^^
  File "/Users/cliste/dev/cianfhoghlaim/.venv/lib/python3.12/site-packages/dlt/common/storages/load_package.py", line 637, in get_load_package_info
    package_jobs = self.get_load_package_jobs(load_id)
                   ^^^^^^^^^^^^^^^^^^^^^^^^^^^^^^^^^^^
  File "/Users/cliste/dev/cianfhoghlaim/.venv/lib/python3.12/site-packages/dlt/common/storages/load_package.py", line 616, in get_load_package_jobs
    raise LoadPackageNotFound(load_id)

The above exception occurred during handling of the following exception:
dlt.common.storages.exceptions.LoadPackageNotFound: Package with `load_id=1767536651.9639528` could not be found

Stack Trace:
  File "/Users/cliste/dev/cianfhoghlaim/.venv/lib/python3.12/site-packages/dlt/normalize/normalize.py", line 362, in get_load_package_info
    return self.load_storage.get_load_package_info(load_id)
           ^^^^^^^^^^^^^^^^^^^^^^^^^^^^^^^^^^^^^^^^^^^^^^^^
  File "/Users/cliste/dev/cianfhoghlaim/.venv/lib/python3.12/site-packages/dlt/common/storages/load_storage.py", line 210, in get_load_package_info
    return self.normalized_packages.get_load_package_info(load_id)
           ^^^^^^^^^^^^^^^^^^^^^^^^^^^^^^^^^^^^^^^^^^^^^^^^^^^^^^^
  File "/Users/cliste/dev/cianfhoghlaim/.venv/lib/python3.12/site-packages/dlt/common/storages/load_package.py", line 637, in get_load_package_info
    package_jobs = self.get_load_package_jobs(load_id)
                   ^^^^^^^^^^^^^^^^^^^^^^^^^^^^^^^^^^^
  File "/Users/cliste/dev/cianfhoghlaim/.venv/lib/python3.12/site-packages/dlt/common/storages/load_package.py", line 616, in get_load_package_jobs
    raise LoadPackageNotFound(load_id)

The above exception occurred during handling of the following exception:
dlt.common.storages.exceptions.LoadPackageNotFound: Package with `load_id=1767536651.9639528` could not be found

Stack Trace:
  File "/Users/cliste/dev/cianfhoghlaim/.venv/lib/python3.12/site-packages/dlt/common/storages/load_storage.py", line 208, in get_load_package_info
    return self.loaded_packages.get_load_package_info(load_id)
           ^^^^^^^^^^^^^^^^^^^^^^^^^^^^^^^^^^^^^^^^^^^^^^^^^^^
  File "/Users/cliste/dev/cianfhoghlaim/.venv/lib/python3.12/site-packages/dlt/common/storages/load_package.py", line 637, in get_load_package_info
    package_jobs = self.get_load_package_jobs(load_id)
                   ^^^^^^^^^^^^^^^^^^^^^^^^^^^^^^^^^^^
  File "/Users/cliste/dev/cianfhoghlaim/.venv/lib/python3.12/site-packages/dlt/common/storages/load_package.py", line 616, in get_load_package_jobs
    raise LoadPackageNotFound(load_id)

The above exception occurred during handling of the following exception:
dlt.common.storages.exceptions.LoadPackageNotFound: Package with `load_id=1767536651.9639528` could not be found

Stack Trace:
  File "/Users/cliste/dev/cianfhoghlaim/.venv/lib/python3.12/site-packages/dlt/pipeline/pipeline.py", line 539, in normalize
    runner.run_pool(normalize_step.config, normalize_step)
  File "/Users/cliste/dev/cianfhoghlaim/.venv/lib/python3.12/site-packages/dlt/common/runners/pool_runner.py", line 203, in run_pool
    while _run_func():
          ^^^^^^^^^^^
  File "/Users/cliste/dev/cianfhoghlaim/.venv/lib/python3.12/site-packages/dlt/common/runners/pool_runner.py", line 196, in _run_func
    run_metrics = run_f.run(cast(TExecutor, pool))
                  ^^^^^^^^^^^^^^^^^^^^^^^^^^^^^^^^
  File "/Users/cliste/dev/cianfhoghlaim/.venv/lib/python3.12/site-packages/dlt/normalize/normalize.py", line 349, in run
    self.spool_schema_files(load_id, schema, schema_files)
  File "/Users/cliste/dev/cianfhoghlaim/.venv/lib/python3.12/site-packages/dlt/normalize/normalize.py", line 303, in spool_schema_files
    self.spool_files(load_id, schema.clone(update_normalizers=True), map_f, files)
  File "/Users/cliste/dev/cianfhoghlaim/.venv/lib/python3.12/site-packages/dlt/normalize/normalize.py", line 236, in spool_files
    schema_updates, writer_metrics, pending_exc = map_f(schema, load_id, files)
                                                  ^^^^^^^^^^^^^^^^^^^^^^^^^^^^^
  File "/Users/cliste/dev/cianfhoghlaim/.venv/lib/python3.12/site-packages/dlt/normalize/normalize.py", line 140, in map_parallel
    self.load_storage.new_packages.cancel(load_id)
  File "/Users/cliste/dev/cianfhoghlaim/.venv/lib/python3.12/site-packages/dlt/common/storages/load_package.py", line 564, in cancel
    raise LoadPackageNotFound(load_id)

