2026-01-04 14:21:26 +0000 - dagster - DEBUG - __ASSET_JOB - b09c27cf-a67b-452d-ab98-5cb1e96522a0 - 18986 - LOGS_CAPTURED - Started capturing logs in process (pid: 18986).
2026-01-04 14:21:26 +0000 - dagster - DEBUG - __ASSET_JOB - b09c27cf-a67b-452d-ab98-5cb1e96522a0 - 18986 - ireland__curriculum__short_courses - STEP_START - Started execution of step "ireland__curriculum__short_courses".
2026-01-04 14:21:26 +0000 - dagster - INFO - __ASSET_JOB - b09c27cf-a67b-452d-ab98-5cb1e96522a0 - ireland__curriculum__short_courses - Ingesting short course: chinese-language-and-culture/en
2026-01-04 14:21:26 +0000 - dagster - INFO - __ASSET_JOB - b09c27cf-a67b-452d-ab98-5cb1e96522a0 - ireland__curriculum__short_courses -   curriculumonline/en: https://www.curriculumonline.ie/junior-cycle/short-courses/chinese-language-and-culture/
2026-01-04 14:21:41 +0000 - dagster - INFO - __ASSET_JOB - b09c27cf-a67b-452d-ab98-5cb1e96522a0 - ireland__curriculum__short_courses - Scraped 11 pages for short course chinese-language-and-culture
DB operation #1 failed: Pipeline execution failed at `step=sync` with exception:

<class 'dlt.destinations.exceptions.DestinationConnectionError'>
Connection with `client_type=DuckDbSqlClient` to `dataset_name=curriculum` failed. Please check if you configured the credentials at all and provided the right credentials values. You can be also denied access or your internet connection may be down. The actual reason given is: IO Error: Could not set lock on file "/Users/cliste/dev/cianfhoghlaim/sruth/oideachais/.dlt/curriculum_unified/curriculum.duckdb": Conflicting lock is held in /Users/cliste/.local/share/mise/installs/python/3.12.10/bin/python3.12 (PID 18973) by user cliste. See also https://duckdb.org/docs/stable/connect/concurrency
2026-01-04 14:21:41 +0000 - dagster - DEBUG - __ASSET_JOB - b09c27cf-a67b-452d-ab98-5cb1e96522a0 - 18986 - ireland__curriculum__short_courses - STEP_UP_FOR_RETRY - Execution of step "ireland__curriculum__short_courses" failed and has requested a retry in 30 seconds.

dagster._core.execution.plan.utils.RetryRequestedFromPolicy

Stack Trace:
  File "/Users/cliste/dev/cianfhoghlaim/.venv/lib/python3.12/site-packages/dagster/_core/execution/plan/execute_plan.py", line 247, in dagster_event_sequence_for_step
    yield from check.generator(step_events)
  File "/Users/cliste/dev/cianfhoghlaim/.venv/lib/python3.12/site-packages/dagster/_core/execution/plan/execute_step.py", line 504, in core_dagster_event_sequence_for_step
    for user_event in _step_output_error_checked_user_event_sequence(
                      ^^^^^^^^^^^^^^^^^^^^^^^^^^^^^^^^^^^^^^^^^^^^^^^
  File "/Users/cliste/dev/cianfhoghlaim/.venv/lib/python3.12/site-packages/dagster/_core/execution/plan/execute_step.py", line 183, in _step_output_error_checked_user_event_sequence
    for user_event in user_event_sequence:
                      ^^^^^^^^^^^^^^^^^^^
  File "/Users/cliste/dev/cianfhoghlaim/.venv/lib/python3.12/site-packages/dagster/_core/execution/plan/execute_step.py", line 88, in _process_asset_results_to_events
    for user_event in user_event_sequence:
                      ^^^^^^^^^^^^^^^^^^^
  File "/Users/cliste/dev/cianfhoghlaim/.venv/lib/python3.12/site-packages/dagster/_core/execution/plan/compute.py", line 188, in execute_core_compute
    for step_output in _yield_compute_results(step_context, inputs, compute_fn, compute_context):
                       ^^^^^^^^^^^^^^^^^^^^^^^^^^^^^^^^^^^^^^^^^^^^^^^^^^^^^^^^^^^^^^^^^^^^^^^^^
  File "/Users/cliste/dev/cianfhoghlaim/.venv/lib/python3.12/site-packages/dagster/_core/execution/plan/compute.py", line 157, in _yield_compute_results
    for event in iterate_with_context(
                 ^^^^^^^^^^^^^^^^^^^^^
  File "/Users/cliste/dev/cianfhoghlaim/.venv/lib/python3.12/site-packages/dagster/_utils/__init__.py", line 392, in iterate_with_context
    with context_fn():
         ^^^^^^^^^^^^
  File "/Users/cliste/.local/share/mise/installs/python/3.12.10/lib/python3.12/contextlib.py", line 158, in __exit__
    self.gen.throw(value)
  File "/Users/cliste/dev/cianfhoghlaim/.venv/lib/python3.12/site-packages/dagster/_core/execution/plan/utils.py", line 75, in op_execution_error_boundary
    raise RetryRequestedFromPolicy(

The above exception was caused by the following exception:
dlt.pipeline.exceptions.PipelineStepFailed: Pipeline execution failed at `step=sync` with exception:

<class 'dlt.destinations.exceptions.DestinationConnectionError'>
Connection with `client_type=DuckDbSqlClient` to `dataset_name=curriculum` failed. Please check if you configured the credentials at all and provided the right credentials values. You can be also denied access or your internet connection may be down. The actual reason given is: IO Error: Could not set lock on file "/Users/cliste/dev/cianfhoghlaim/sruth/oideachais/.dlt/curriculum_unified/curriculum.duckdb": Conflicting lock is held in /Users/cliste/.local/share/mise/installs/python/3.12.10/bin/python3.12 (PID 18973) by user cliste. See also https://duckdb.org/docs/stable/connect/concurrency

Stack Trace:
  File "/Users/cliste/dev/cianfhoghlaim/.venv/lib/python3.12/site-packages/dagster/_core/execution/plan/utils.py", line 57, in op_execution_error_boundary
    yield
  File "/Users/cliste/dev/cianfhoghlaim/.venv/lib/python3.12/site-packages/dagster/_utils/__init__.py", line 394, in iterate_with_context
    next_output = next(iterator)
                  ^^^^^^^^^^^^^^
  File "/Users/cliste/dev/cianfhoghlaim/.venv/lib/python3.12/site-packages/dagster/_core/execution/plan/compute_generator.py", line 135, in _coerce_op_compute_fn_to_iterator
    result = invoke_compute_fn(
             ^^^^^^^^^^^^^^^^^^
  File "/Users/cliste/dev/cianfhoghlaim/.venv/lib/python3.12/site-packages/dagster/_core/execution/plan/compute_generator.py", line 115, in invoke_compute_fn
    return fn(context, **args_to_pass) if context_arg_provided else fn(**args_to_pass)
           ^^^^^^^^^^^^^^^^^^^^^^^^^^^
  File "/Users/cliste/dev/cianfhoghlaim/sruth/oideachais/dagster_defs/assets/ireland/curriculum_dlt_assets.py", line 407, in _short_course_asset
    load_info = safe_dlt_run(
                ^^^^^^^^^^^^^
  File "/Users/cliste/dev/cianfhoghlaim/sruth/oideachais/dlt_utils/safety.py", line 57, in safe_dlt_run
    return executor.run(_run)
           ^^^^^^^^^^^^^^^^^^
  File "/Users/cliste/dev/cianfhoghlaim/sruth/oideachais/core/storage/serial_executor.py", line 90, in run
    result = future.result()
             ^^^^^^^^^^^^^^^
  File "/Users/cliste/.local/share/mise/installs/python/3.12.10/lib/python3.12/concurrent/futures/_base.py", line 456, in result
    return self.__get_result()
           ^^^^^^^^^^^^^^^^^^^
  File "/Users/cliste/.local/share/mise/installs/python/3.12.10/lib/python3.12/concurrent/futures/_base.py", line 401, in __get_result
    raise self._exception
  File "/Users/cliste/.local/share/mise/installs/python/3.12.10/lib/python3.12/concurrent/futures/thread.py", line 59, in run
    result = self.fn(*self.args, **self.kwargs)
             ^^^^^^^^^^^^^^^^^^^^^^^^^^^^^^^^^^
  File "/Users/cliste/dev/cianfhoghlaim/sruth/oideachais/dlt_utils/safety.py", line 55, in _run
    return pipeline.run(data, **kwargs)
           ^^^^^^^^^^^^^^^^^^^^^^^^^^^^
  File "/Users/cliste/dev/cianfhoghlaim/.venv/lib/python3.12/site-packages/dlt/pipeline/pipeline.py", line 224, in _wrap
    step_info = f(self, *args, **kwargs)
                ^^^^^^^^^^^^^^^^^^^^^^^^
  File "/Users/cliste/dev/cianfhoghlaim/.venv/lib/python3.12/site-packages/dlt/pipeline/pipeline.py", line 272, in _wrap
    return f(self, *args, **kwargs)
           ^^^^^^^^^^^^^^^^^^^^^^^^
  File "/Users/cliste/dev/cianfhoghlaim/.venv/lib/python3.12/site-packages/dlt/pipeline/pipeline.py", line 714, in run
    self._sync_destination(destination, staging, dataset_name)
  File "/Users/cliste/dev/cianfhoghlaim/.venv/lib/python3.12/site-packages/dlt/pipeline/pipeline.py", line 178, in _wrap
    rv = f(self, *args, **kwargs)
         ^^^^^^^^^^^^^^^^^^^^^^^^
  File "/Users/cliste/dev/cianfhoghlaim/.venv/lib/python3.12/site-packages/dlt/pipeline/pipeline.py", line 884, in _sync_destination
    raise PipelineStepFailed(self, "sync", None, ex, None) from ex

The above exception was caused by the following exception:
dlt.destinations.exceptions.DestinationConnectionError: Connection with `client_type=DuckDbSqlClient` to `dataset_name=curriculum` failed. Please check if you configured the credentials at all and provided the right credentials values. You can be also denied access or your internet connection may be down. The actual reason given is: IO Error: Could not set lock on file "/Users/cliste/dev/cianfhoghlaim/sruth/oideachais/.dlt/curriculum_unified/curriculum.duckdb": Conflicting lock is held in /Users/cliste/.local/share/mise/installs/python/3.12.10/bin/python3.12 (PID 18973) by user cliste. See also https://duckdb.org/docs/stable/connect/concurrency

Stack Trace:
  File "/Users/cliste/dev/cianfhoghlaim/.venv/lib/python3.12/site-packages/dlt/pipeline/pipeline.py", line 846, in _sync_destination
    with self._get_destination_clients()[0] as job_client:
         ~~~~~~~~~~~~~~~~~~~~~~~~~~~~~~~^^^
  File "/Users/cliste/dev/cianfhoghlaim/.venv/lib/python3.12/site-packages/dlt/destinations/job_client_impl.py", line 424, in __enter__
    self.sql_client.open_connection()
  File "/Users/cliste/dev/cianfhoghlaim/.venv/lib/python3.12/site-packages/dlt/destinations/sql_client.py", line 484, in _wrap
    raise DestinationConnectionError(type(self).__name__, self.dataset_name, str(ex), ex)

The above exception occurred during handling of the following exception:
_duckdb.IOException: IO Error: Could not set lock on file "/Users/cliste/dev/cianfhoghlaim/sruth/oideachais/.dlt/curriculum_unified/curriculum.duckdb": Conflicting lock is held in /Users/cliste/.local/share/mise/installs/python/3.12.10/bin/python3.12 (PID 18973) by user cliste. See also https://duckdb.org/docs/stable/connect/concurrency

Stack Trace:
  File "/Users/cliste/dev/cianfhoghlaim/.venv/lib/python3.12/site-packages/dlt/destinations/sql_client.py", line 476, in _wrap
    return f(self, *args, **kwargs)
           ^^^^^^^^^^^^^^^^^^^^^^^^
  File "/Users/cliste/dev/cianfhoghlaim/.venv/lib/python3.12/site-packages/dlt/destinations/impl/duckdb/sql_client.py", line 120, in open_connection
    self._conn = self.credentials.conn_pool.borrow_conn(
                 ^^^^^^^^^^^^^^^^^^^^^^^^^^^^^^^^^^^^^^^
  File "/Users/cliste/dev/cianfhoghlaim/.venv/lib/python3.12/site-packages/dlt/destinations/impl/duckdb/configuration.py", line 119, in borrow_conn
    new_conn = duckdb.connect(
               ^^^^^^^^^^^^^^^

The above exception occurred during handling of the following exception:
dlt.destinations.exceptions.DatabaseUndefinedRelation: Catalog Error: Table with name _dlt_pipeline_state does not exist!
Did you mean "main.sqlite_temp_master"?

LINE 1: ...", "pipeline_name", "state", "created_at", "_dlt_load_id" FROM "curriculum"."_dlt_pipeline_state" AS s JOIN "curriculum...
                                                                          ^

Stack Trace:
  File "/Users/cliste/dev/cianfhoghlaim/.venv/lib/python3.12/site-packages/dlt/pipeline/pipeline.py", line 789, in _sync_destination
    remote_state = self._restore_state_from_destination()
                   ^^^^^^^^^^^^^^^^^^^^^^^^^^^^^^^^^^^^^^
  File "/Users/cliste/dev/cianfhoghlaim/.venv/lib/python3.12/site-packages/dlt/pipeline/pipeline.py", line 1611, in _restore_state_from_destination
    state = load_pipeline_state_from_destination(self.pipeline_name, job_client)
            ^^^^^^^^^^^^^^^^^^^^^^^^^^^^^^^^^^^^^^^^^^^^^^^^^^^^^^^^^^^^^^^^^^^^
  File "/Users/cliste/dev/cianfhoghlaim/.venv/lib/python3.12/site-packages/dlt/pipeline/state_sync.py", line 130, in load_pipeline_state_from_destination
    state = client.get_stored_state(pipeline_name)
            ^^^^^^^^^^^^^^^^^^^^^^^^^^^^^^^^^^^^^^
  File "/Users/cliste/dev/cianfhoghlaim/.venv/lib/python3.12/site-packages/dlt/destinations/job_client_impl.py", line 559, in get_stored_state
    with self.sql_client.execute_query(query, pipeline_name) as cur:
         ^^^^^^^^^^^^^^^^^^^^^^^^^^^^^^^^^^^^^^^^^^^^^^^^^^^
  File "/Users/cliste/.local/share/mise/installs/python/3.12.10/lib/python3.12/contextlib.py", line 137, in __enter__
    return next(self.gen)
           ^^^^^^^^^^^^^^
  File "/Users/cliste/dev/cianfhoghlaim/.venv/lib/python3.12/site-packages/dlt/destinations/sql_client.py", line 454, in _wrap_gen
    raise db_ex.with_traceback(ex.__traceback__) from ex
  File "/Users/cliste/dev/cianfhoghlaim/.venv/lib/python3.12/site-packages/dlt/destinations/sql_client.py", line 448, in _wrap_gen
    return (yield from f(self, *args, **kwargs))
            ^^^^^^^^^^^^^^^^^^^^^^^^^^^^^^^^^^^
  File "/Users/cliste/dev/cianfhoghlaim/.venv/lib/python3.12/site-packages/dlt/destinations/impl/duckdb/sql_client.py", line 195, in execute_query
    raise outer
  File "/Users/cliste/dev/cianfhoghlaim/.venv/lib/python3.12/site-packages/dlt/destinations/impl/duckdb/sql_client.py", line 189, in execute_query
    yield self.cursor_impl(cur.execute(query, db_args))  # type: ignore
                           ^^^^^^^^^^^^^^^^^^^^^^^^^^^

The above exception was caused by the following exception:
_duckdb.CatalogException: Catalog Error: Table with name _dlt_pipeline_state does not exist!
Did you mean "main.sqlite_temp_master"?

LINE 1: ...", "pipeline_name", "state", "created_at", "_dlt_load_id" FROM "curriculum"."_dlt_pipeline_state" AS s JOIN "curriculum...
                                                                          ^

Stack Trace:
  File "/Users/cliste/dev/cianfhoghlaim/.venv/lib/python3.12/site-packages/dlt/destinations/sql_client.py", line 448, in _wrap_gen
    return (yield from f(self, *args, **kwargs))
            ^^^^^^^^^^^^^^^^^^^^^^^^^^^^^^^^^^^
  File "/Users/cliste/dev/cianfhoghlaim/.venv/lib/python3.12/site-packages/dlt/destinations/impl/duckdb/sql_client.py", line 195, in execute_query
    raise outer
  File "/Users/cliste/dev/cianfhoghlaim/.venv/lib/python3.12/site-packages/dlt/destinations/impl/duckdb/sql_client.py", line 189, in execute_query
    yield self.cursor_impl(cur.execute(query, db_args))  # type: ignore
                           ^^^^^^^^^^^^^^^^^^^^^^^^^^^

