2026-01-04 14:52:42 +0000 - dagster - DEBUG - __ASSET_JOB - 719e7649-54fa-4344-94a8-69f53345ba71 - 39459 - LOGS_CAPTURED - Started capturing logs in process (pid: 39459).
2026-01-04 14:52:42 +0000 - dagster - DEBUG - __ASSET_JOB - 719e7649-54fa-4344-94a8-69f53345ba71 - 39459 - ireland__curriculum__short_courses - STEP_RESTARTED - Started re-execution (attempt # 2) of step "ireland__curriculum__short_courses".
2026-01-04 14:52:42 +0000 - dagster - INFO - __ASSET_JOB - 719e7649-54fa-4344-94a8-69f53345ba71 - ireland__curriculum__short_courses - Ingesting short course: sphe/ga
2026-01-04 14:52:42 +0000 - dagster - INFO - __ASSET_JOB - 719e7649-54fa-4344-94a8-69f53345ba71 - ireland__curriculum__short_courses -   curriculumonline/ga: https://www.curriculumonline.ie/ga-ie/junior-cycle/short-courses/sphe/
2026-01-04 14:52:50 +0000 - dagster - DEBUG - __ASSET_JOB - 719e7649-54fa-4344-94a8-69f53345ba71 - 39459 - ireland__curriculum__short_courses - STEP_UP_FOR_RETRY - Execution of step "ireland__curriculum__short_courses" failed and has requested a retry in 90 seconds.

dagster._core.definitions.events.RetryRequested

Stack Trace:
  File "/Users/cliste/dev/cianfhoghlaim/.venv/lib/python3.12/site-packages/dagster/_core/execution/plan/execute_plan.py", line 247, in dagster_event_sequence_for_step
    yield from check.generator(step_events)
  File "/Users/cliste/dev/cianfhoghlaim/.venv/lib/python3.12/site-packages/dagster/_core/execution/plan/execute_step.py", line 504, in core_dagster_event_sequence_for_step
    for user_event in _step_output_error_checked_user_event_sequence(
                      ^^^^^^^^^^^^^^^^^^^^^^^^^^^^^^^^^^^^^^^^^^^^^^^
  File "/Users/cliste/dev/cianfhoghlaim/.venv/lib/python3.12/site-packages/dagster/_core/execution/plan/execute_step.py", line 183, in _step_output_error_checked_user_event_sequence
    for user_event in user_event_sequence:
                      ^^^^^^^^^^^^^^^^^^^
  File "/Users/cliste/dev/cianfhoghlaim/.venv/lib/python3.12/site-packages/dagster/_core/execution/plan/execute_step.py", line 88, in _process_asset_results_to_events
    for user_event in user_event_sequence:
                      ^^^^^^^^^^^^^^^^^^^
  File "/Users/cliste/dev/cianfhoghlaim/.venv/lib/python3.12/site-packages/dagster/_core/execution/plan/compute.py", line 188, in execute_core_compute
    for step_output in _yield_compute_results(step_context, inputs, compute_fn, compute_context):
                       ^^^^^^^^^^^^^^^^^^^^^^^^^^^^^^^^^^^^^^^^^^^^^^^^^^^^^^^^^^^^^^^^^^^^^^^^^
  File "/Users/cliste/dev/cianfhoghlaim/.venv/lib/python3.12/site-packages/dagster/_core/execution/plan/compute.py", line 157, in _yield_compute_results
    for event in iterate_with_context(
                 ^^^^^^^^^^^^^^^^^^^^^
  File "/Users/cliste/dev/cianfhoghlaim/.venv/lib/python3.12/site-packages/dagster/_utils/__init__.py", line 392, in iterate_with_context
    with context_fn():
         ^^^^^^^^^^^^
  File "/Users/cliste/.local/share/mise/installs/python/3.12.10/lib/python3.12/contextlib.py", line 158, in __exit__
    self.gen.throw(value)
  File "/Users/cliste/dev/cianfhoghlaim/.venv/lib/python3.12/site-packages/dagster/_core/execution/plan/utils.py", line 97, in op_execution_error_boundary
    raise RetryRequested(

The above exception was caused by the following exception:
dagster._core.errors.DagsterExecutionInterruptedError

Stack Trace:
  File "/Users/cliste/dev/cianfhoghlaim/.venv/lib/python3.12/site-packages/dagster/_core/execution/plan/utils.py", line 57, in op_execution_error_boundary
    yield
  File "/Users/cliste/dev/cianfhoghlaim/.venv/lib/python3.12/site-packages/dagster/_utils/__init__.py", line 394, in iterate_with_context
    next_output = next(iterator)
                  ^^^^^^^^^^^^^^
  File "/Users/cliste/dev/cianfhoghlaim/.venv/lib/python3.12/site-packages/dagster/_core/execution/plan/compute_generator.py", line 135, in _coerce_op_compute_fn_to_iterator
    result = invoke_compute_fn(
             ^^^^^^^^^^^^^^^^^^
  File "/Users/cliste/dev/cianfhoghlaim/.venv/lib/python3.12/site-packages/dagster/_core/execution/plan/compute_generator.py", line 115, in invoke_compute_fn
    return fn(context, **args_to_pass) if context_arg_provided else fn(**args_to_pass)
           ^^^^^^^^^^^^^^^^^^^^^^^^^^^
  File "/Users/cliste/dev/cianfhoghlaim/sruth/oideachais/dagster_defs/assets/ireland/curriculum_dlt_assets.py", line 366, in _short_course_asset
    result = _scrape_single_url(
             ^^^^^^^^^^^^^^^^^^^
  File "/Users/cliste/dev/cianfhoghlaim/sruth/oideachais/dlt_sources/ireland/curriculum_source.py", line 292, in _scrape_single_url
    for page in _crawl_source(
                ^^^^^^^^^^^^^^
  File "/Users/cliste/dev/cianfhoghlaim/sruth/oideachais/dlt_sources/ireland/curriculum_source.py", line 140, in _crawl_source
    result = app.crawl(**crawl_kwargs)
             ^^^^^^^^^^^^^^^^^^^^^^^^^
  File "/Users/cliste/dev/cianfhoghlaim/.venv/lib/python3.12/site-packages/firecrawl/v2/client.py", line 299, in crawl
    return crawl_module.crawl(
           ^^^^^^^^^^^^^^^^^^^
  File "/Users/cliste/dev/cianfhoghlaim/.venv/lib/python3.12/site-packages/firecrawl/v2/methods/crawl.py", line 402, in crawl
    return wait_for_crawl_completion(
           ^^^^^^^^^^^^^^^^^^^^^^^^^^
  File "/Users/cliste/dev/cianfhoghlaim/.venv/lib/python3.12/site-packages/firecrawl/v2/methods/crawl.py", line 364, in wait_for_crawl_completion
    time.sleep(poll_interval)
  File "/Users/cliste/dev/cianfhoghlaim/.venv/lib/python3.12/site-packages/dagster/_utils/interrupts.py", line 81, in _new_signal_handler
    raise error_cls()

