2025-12-30 02:53:39,902 - MainThread - sqlmesh.core.config.connection - INFO - Creating new DuckDB adapter for data files: {'../storage/data/celtic_education.duckdb'} (connection.py:496)
2025-12-30 02:53:39,944 - MainThread - sqlmesh.core.config.connection - INFO - Using existing DuckDB adapter due to overlapping data file: ../storage/data/celtic_education.duckdb (connection.py:486)
2025-12-30 02:53:40,698 - MainThread - sqlmesh.core.plan.evaluator - INFO - Evaluating plan stage CreateSnapshotRecordsStage (evaluator.py:123)
2025-12-30 02:53:40,706 - MainThread - sqlmesh.core.plan.evaluator - INFO - Evaluating plan stage PhysicalLayerSchemaCreationStage (evaluator.py:123)
2025-12-30 02:53:40,706 - MainThread - sqlmesh.core.snapshot.evaluator - INFO - Creating schema 'celtic_education.marts' (evaluator.py:1449)
2025-12-30 02:53:40,707 - MainThread - sqlmesh.core.engine_adapter.base - INFO - Executing SQL: /* SQLMESH_PLAN: dbdc57165714422280403e2fb26c30d6 */ CREATE SCHEMA IF NOT EXISTS "celtic_education"."marts" (base.py:2626)
2025-12-30 02:53:40,707 - MainThread - sqlmesh.core.snapshot.evaluator - INFO - Creating schema 'celtic_education.stg' (evaluator.py:1449)
2025-12-30 02:53:40,707 - MainThread - sqlmesh.core.engine_adapter.base - INFO - Executing SQL: /* SQLMESH_PLAN: dbdc57165714422280403e2fb26c30d6 */ CREATE SCHEMA IF NOT EXISTS "celtic_education"."stg" (base.py:2626)
2025-12-30 02:53:40,707 - MainThread - sqlmesh.core.snapshot.evaluator - INFO - Creating schema 'celtic_education.int' (evaluator.py:1449)
2025-12-30 02:53:40,707 - MainThread - sqlmesh.core.engine_adapter.base - INFO - Executing SQL: /* SQLMESH_PLAN: dbdc57165714422280403e2fb26c30d6 */ CREATE SCHEMA IF NOT EXISTS "celtic_education"."int" (base.py:2626)
2025-12-30 02:53:40,707 - MainThread - sqlmesh.core.plan.evaluator - INFO - Evaluating plan stage BackfillStage (evaluator.py:123)
2025-12-30 02:53:40,708 - MainThread - sqlmesh.core.snapshot.evaluator - INFO - Listing data objects in schema celtic_education.marts (evaluator.py:1616)
2025-12-30 02:53:40,708 - MainThread - sqlmesh.core.engine_adapter.base - INFO - Executing SQL: /* SQLMESH_PLAN: dbdc57165714422280403e2fb26c30d6 */ SELECT CURRENT_CATALOG() (base.py:2626)
2025-12-30 02:53:40,708 - MainThread - sqlmesh.core.engine_adapter.base - INFO - Executing SQL: /* SQLMESH_PLAN: dbdc57165714422280403e2fb26c30d6 */ SELECT CURRENT_CATALOG() (base.py:2626)
2025-12-30 02:53:40,709 - MainThread - sqlmesh.core.engine_adapter.base - INFO - Executing SQL: /* SQLMESH_PLAN: dbdc57165714422280403e2fb26c30d6 */ SELECT table_name AS name, table_schema AS schema, CASE table_type WHEN 'BASE TABLE' THEN 'table' WHEN 'VIEW' THEN 'view' WHEN 'LOCAL TEMPORARY' THEN 'table' END AS type FROM system.information_schema.tables WHERE (table_catalog = 'celtic_education' AND table_schema = 'marts') AND table_name IN ('marts__fact_learning_outcome__3893756174', 'marts__agg_comparison_metrics__3750585754', 'marts__dim_level__1002076427') (base.py:2626)
2025-12-30 02:53:40,713 - MainThread - sqlmesh.core.snapshot.evaluator - INFO - Evaluating snapshot SnapshotId<"celtic_education"."marts"."dim_level": 3023846602> (evaluator.py:711)
2025-12-30 02:53:40,714 - MainThread - sqlmesh.core.snapshot.evaluator - INFO - Creating table 'celtic_education.marts.marts__dim_level__1002076427' (evaluator.py:2042)
2025-12-30 02:53:40,714 - MainThread - sqlmesh.core.engine_adapter.base - INFO - Executing SQL: /* SQLMESH_PLAN: dbdc57165714422280403e2fb26c30d6 */ SELECT CURRENT_CATALOG() (base.py:2626)
2025-12-30 02:53:40,714 - MainThread - sqlmesh.core.engine_adapter.base - INFO - Executing SQL: /* SQLMESH_PLAN: dbdc57165714422280403e2fb26c30d6 */ SELECT type FROM DUCKDB_DATABASES() WHERE database_name = 'celtic_education' (base.py:2626)
2025-12-30 02:53:40,715 - MainThread - sqlmesh.core.engine_adapter.base - INFO - Executing SQL: /* SQLMESH_PLAN: dbdc57165714422280403e2fb26c30d6 */ CREATE TABLE IF NOT EXISTS "celtic_education"."marts"."marts__dim_level__1002076427" ("mapping_id" BIGINT, "nation" TEXT, "level_code" TEXT, "level_name" TEXT, "age_range_start" BIGINT, "age_range_end" BIGINT, "equivalent_ireland" TEXT, "equivalent_england" TEXT, "equivalent_scotland" TEXT, "equivalent_wales" TEXT, "equivalent_ni" TEXT) (base.py:2626)
2025-12-30 02:53:40,715 - MainThread - sqlmesh.core.engine_adapter.base - INFO - Executing SQL: /* SQLMESH_PLAN: dbdc57165714422280403e2fb26c30d6 */ COMMENT ON TABLE "celtic_education"."marts"."marts__dim_level__1002076427" IS 'Education level dimension with cross-nation equivalences' (base.py:2626)
2025-12-30 02:53:40,716 - MainThread - sqlmesh.core.engine_adapter.base - INFO - Executing SQL: /* SQLMESH_PLAN: dbdc57165714422280403e2fb26c30d6 */ SELECT CURRENT_CATALOG() (base.py:2626)
2025-12-30 02:53:40,716 - MainThread - sqlmesh.core.engine_adapter.base - INFO - Executing SQL: /* SQLMESH_PLAN: dbdc57165714422280403e2fb26c30d6 */ SELECT CURRENT_CATALOG() (base.py:2626)
2025-12-30 02:53:40,716 - MainThread - sqlmesh.core.engine_adapter.base - INFO - Executing SQL: /* SQLMESH_PLAN: dbdc57165714422280403e2fb26c30d6 */ SELECT table_name AS name, table_schema AS schema, CASE table_type WHEN 'BASE TABLE' THEN 'table' WHEN 'VIEW' THEN 'view' WHEN 'LOCAL TEMPORARY' THEN 'table' END AS type FROM system.information_schema.tables WHERE (table_catalog = 'celtic_education' AND table_schema = 'marts') AND table_name IN ('marts__dim_level__1002076427') (base.py:2626)
2025-12-30 02:53:40,719 - MainThread - sqlmesh.core.engine_adapter.base - INFO - Executing SQL: /* SQLMESH_PLAN: dbdc57165714422280403e2fb26c30d6 */ SELECT CURRENT_CATALOG() (base.py:2626)
2025-12-30 02:53:40,720 - MainThread - sqlmesh.core.engine_adapter.base - INFO - Executing SQL: /* SQLMESH_PLAN: dbdc57165714422280403e2fb26c30d6 */ SELECT type FROM DUCKDB_DATABASES() WHERE database_name = 'celtic_education' (base.py:2626)
2025-12-30 02:53:40,720 - MainThread - sqlmesh.core.engine_adapter.base - INFO - Executing SQL: /* SQLMESH_PLAN: dbdc57165714422280403e2fb26c30d6 */ CREATE OR REPLACE TABLE "celtic_education"."marts"."marts__dim_level__1002076427" AS SELECT CAST("mapping_id" AS BIGINT) AS "mapping_id", CAST("nation" AS TEXT) AS "nation", CAST("level_code" AS TEXT) AS "level_code", CAST("level_name" AS TEXT) AS "level_name", CAST("age_range_start" AS BIGINT) AS "age_range_start", CAST("age_range_end" AS BIGINT) AS "age_range_end", CAST("equivalent_ireland" AS TEXT) AS "equivalent_ireland", CAST("equivalent_england" AS TEXT) AS "equivalent_england", CAST("equivalent_scotland" AS TEXT) AS "equivalent_scotland", CAST("equivalent_wales" AS TEXT) AS "equivalent_wales", CAST("equivalent_ni" AS TEXT) AS "equivalent_ni" FROM (SELECT "mapping_id", "nation", "level_code", "level_name", "age_range_start", "age_range_end", "equivalent_ireland", "equivalent_england", "equivalent_scotland", "equivalent_wales", "equivalent_ni" FROM "celtic_education"."marts"."__temp_marts__dim_level__1002076427_n1ki5btj") AS "_subquery" (base.py:2626)
2025-12-30 02:53:40,721 - MainThread - sqlmesh.core.engine_adapter.base - INFO - Executing SQL: /* SQLMESH_PLAN: dbdc57165714422280403e2fb26c30d6 */ DROP TABLE IF EXISTS "celtic_education"."marts"."__temp_marts__dim_level__1002076427_n1ki5btj" (base.py:2626)
2025-12-30 02:53:40,721 - MainThread - sqlmesh.core.engine_adapter.base - INFO - Executing SQL: /* SQLMESH_PLAN: dbdc57165714422280403e2fb26c30d6 */ COMMENT ON TABLE "celtic_education"."marts"."marts__dim_level__1002076427" IS 'Education level dimension with cross-nation equivalences' (base.py:2626)
2025-12-30 02:53:40,722 - MainThread - sqlmesh.core.state_sync.db.facade - INFO - Adding interval (2024-01-01 00:00:00, 2025-12-30 00:00:00) for snapshot SnapshotId<"celtic_education"."marts"."dim_level": 3023846602> (facade.py:637)
2025-12-30 02:53:40,722 - MainThread - sqlmesh.core.state_sync.db.interval - INFO - Pushing intervals for snapshot SnapshotId<"celtic_education"."marts"."dim_level": 3023846602> (interval.py:215)
2025-12-30 02:53:40,724 - MainThread - sqlmesh.core.snapshot.evaluator - INFO - Evaluating snapshot SnapshotId<"celtic_education"."marts"."fact_learning_outcome": 988467817> (evaluator.py:711)
2025-12-30 02:53:40,724 - MainThread - sqlmesh.core.snapshot.evaluator - INFO - Inserting data for snapshot SnapshotId<"celtic_education"."marts"."fact_learning_outcome": 988467817> (evaluator.py:952)
2025-12-30 02:53:40,729 - MainThread - sqlmesh.core.snapshot.evaluator - INFO - Inserting batch (2024-01-01 00:00:00, 2025-12-30 00:00:00) into celtic_education.marts.marts__fact_learning_outcome__3893756174' (evaluator.py:984)
2025-12-30 02:53:40,729 - MainThread - sqlmesh.core.engine_adapter.base - INFO - Executing SQL: /* SQLMESH_PLAN: dbdc57165714422280403e2fb26c30d6 */ DESCRIBE "celtic_education"."marts"."marts__fact_learning_outcome__3893756174" (base.py:2626)
2025-12-30 02:53:40,729 - MainThread - sqlmesh.core.engine_adapter.base - INFO - Executing SQL: /* SQLMESH_PLAN: dbdc57165714422280403e2fb26c30d6 */ SELECT CURRENT_CATALOG() (base.py:2626)
2025-12-30 02:53:40,729 - MainThread - sqlmesh.core.engine_adapter.base - INFO - Executing SQL: /* SQLMESH_PLAN: dbdc57165714422280403e2fb26c30d6 */ SELECT type FROM DUCKDB_DATABASES() WHERE database_name = 'celtic_education' (base.py:2626)
2025-12-30 02:53:40,730 - MainThread - sqlmesh.core.engine_adapter.base - INFO - Executing SQL: /* SQLMESH_PLAN: dbdc57165714422280403e2fb26c30d6 */ CREATE OR REPLACE TABLE "celtic_education"."marts"."marts__fact_learning_outcome__3893756174" AS SELECT "u"."outcome_id" AS "outcome_id", "n"."nation_id" AS "nation_id", "s"."subject_id" AS "subject_id", "l"."level_id" AS "level_id", "lang"."language_id" AS "language_id", "u"."source_url" AS "source_url", "u"."title" AS "title", "u"."content" AS "content", "u"."source" AS "source", "u"."resource_type" AS "resource_type", "u"."curriculum_level" AS "curriculum_level", "u"."is_celtic_medium" AS "is_celtic_medium", "u"."indexed_at" AS "indexed_at", "u"."content_hash" AS "content_hash", "u"."embedding_text" AS "embedding_text", "u"."_loaded_at" AS "_loaded_at" FROM "celtic_education"."int"."int__int_unified_outcomes__2913785065" AS "u" LEFT JOIN "celtic_education"."marts"."marts__dim_nation__1252507750" AS "n" ON "u"."nation" = "n"."nation_code" LEFT JOIN "celtic_education"."marts"."marts__dim_subject__3767518357" AS "s" ON "u"."subject" = "s"."subject_code" LEFT JOIN "celtic_education"."marts"."marts__dim_level__1002076427" AS "l" ON "u"."curriculum_level" = "l"."level_code" AND "u"."nation" = "l"."nation" LEFT JOIN "celtic_education"."marts"."marts__dim_language__4066560437" AS "lang" ON "u"."language" = "lang"."language_code" (base.py:2626)
2025-12-30 02:53:40,732 - MainThread - sqlmesh.core.scheduler - INFO - SKIPPED snapshot "celtic_education"."marts"."agg_comparison_metrics"
 (scheduler.py:613)
2025-12-30 02:53:40,732 - MainThread - sqlmesh.core.scheduler - INFO - Execution failed for node EvaluateNode(snapshot_name='"celtic_education"."marts"."fact_learning_outcome"', interval=(1704067200000, 1767052800000), batch_index=0) (scheduler.py:618)
Traceback (most recent call last):
  File "/Users/cliste/dev/cianfhoghlaim/sruth/oideachais/.venv/lib/python3.12/site-packages/sqlmesh/utils/concurrency.py", line 234, in sequential_apply_to_dag
    fn(node)
  File "/Users/cliste/dev/cianfhoghlaim/sruth/oideachais/.venv/lib/python3.12/site-packages/sqlmesh/core/scheduler.py", line 554, in run_node
    audit_results = self.evaluate(
                    ^^^^^^^^^^^^^^
  File "/Users/cliste/dev/cianfhoghlaim/sruth/oideachais/.venv/lib/python3.12/site-packages/sqlmesh/core/scheduler.py", line 229, in evaluate
    wap_id = self.snapshot_evaluator.evaluate(
             ^^^^^^^^^^^^^^^^^^^^^^^^^^^^^^^^^
  File "/Users/cliste/dev/cianfhoghlaim/sruth/oideachais/.venv/lib/python3.12/site-packages/sqlmesh/core/snapshot/evaluator.py", line 186, in evaluate
    result = self._evaluate_snapshot(
             ^^^^^^^^^^^^^^^^^^^^^^^^
  File "/Users/cliste/dev/cianfhoghlaim/sruth/oideachais/.venv/lib/python3.12/site-packages/sqlmesh/core/snapshot/evaluator.py", line 821, in _evaluate_snapshot
    self._render_and_insert_snapshot(
  File "/Users/cliste/dev/cianfhoghlaim/sruth/oideachais/.venv/lib/python3.12/site-packages/sqlmesh/core/snapshot/evaluator.py", line 1041, in _render_and_insert_snapshot
    apply(query_or_df, index)
  File "/Users/cliste/dev/cianfhoghlaim/sruth/oideachais/.venv/lib/python3.12/site-packages/sqlmesh/core/snapshot/evaluator.py", line 990, in apply
    evaluation_strategy.insert(
  File "/Users/cliste/dev/cianfhoghlaim/sruth/oideachais/.venv/lib/python3.12/site-packages/sqlmesh/core/snapshot/evaluator.py", line 2418, in insert
    self._replace_query_for_model(model, table_name, query_or_df, render_kwargs, **kwargs)
  File "/Users/cliste/dev/cianfhoghlaim/sruth/oideachais/.venv/lib/python3.12/site-packages/sqlmesh/core/snapshot/evaluator.py", line 2155, in _replace_query_for_model
    self.adapter.replace_query(
  File "/Users/cliste/dev/cianfhoghlaim/sruth/oideachais/.venv/lib/python3.12/site-packages/sqlmesh/core/engine_adapter/shared.py", line 318, in internal_wrapper
    return func(*list_args, **kwargs)
           ^^^^^^^^^^^^^^^^^^^^^^^^^^
  File "/Users/cliste/dev/cianfhoghlaim/sruth/oideachais/.venv/lib/python3.12/site-packages/sqlmesh/core/engine_adapter/base.py", line 524, in replace_query
    return self._create_table_from_source_queries(
           ^^^^^^^^^^^^^^^^^^^^^^^^^^^^^^^^^^^^^^^
  File "/Users/cliste/dev/cianfhoghlaim/sruth/oideachais/.venv/lib/python3.12/site-packages/sqlmesh/core/engine_adapter/base.py", line 934, in _create_table_from_source_queries
    self._create_table(
  File "/Users/cliste/dev/cianfhoghlaim/sruth/oideachais/.venv/lib/python3.12/site-packages/sqlmesh/core/engine_adapter/duckdb.py", line 188, in _create_table
    super()._create_table(
  File "/Users/cliste/dev/cianfhoghlaim/sruth/oideachais/.venv/lib/python3.12/site-packages/sqlmesh/core/engine_adapter/base.py", line 977, in _create_table
    self.execute(
  File "/Users/cliste/dev/cianfhoghlaim/sruth/oideachais/.venv/lib/python3.12/site-packages/sqlmesh/core/engine_adapter/base.py", line 2603, in execute
    self._execute(sql, track_rows_processed, **kwargs)
  File "/Users/cliste/dev/cianfhoghlaim/sruth/oideachais/.venv/lib/python3.12/site-packages/sqlmesh/core/engine_adapter/base.py", line 2635, in _execute
    self.cursor.execute(sql, **kwargs)
_duckdb.BinderException: Binder Error: Table "l" does not have a column named "level_id"

Candidate bindings: : "level_code", "level_name"

LINE 1: ...."nation_id" AS "nation_id", "s"."subject_id" AS "subject_id", "l"."level_id" AS "level_id", "lang"."language_id" AS "lang...
                                                                          ^

The above exception was the direct cause of the following exception:

sqlmesh.utils.concurrency.NodeExecutionFailedError: Execution failed for node EvaluateNode(snapshot_name='"celtic_education"."marts"."fact_learning_outcome"', interval=(1704067200000, 1767052800000), batch_index=0)
2025-12-30 02:53:40,736 - MainThread - sqlmesh.core.context - INFO - Plan application failed. (context.py:1797)
Traceback (most recent call last):
  File "/Users/cliste/dev/cianfhoghlaim/sruth/oideachais/.venv/lib/python3.12/site-packages/sqlmesh/core/context.py", line 1789, in apply
    self._apply(plan, circuit_breaker)
  File "/Users/cliste/dev/cianfhoghlaim/sruth/oideachais/.venv/lib/python3.12/site-packages/sqlmesh/core/context.py", line 2582, in _apply
    self._scheduler.create_plan_evaluator(self).evaluate(
  File "/Users/cliste/dev/cianfhoghlaim/sruth/oideachais/.venv/lib/python3.12/site-packages/sqlmesh/core/plan/evaluator.py", line 105, in evaluate
    self._evaluate_stages(plan_stages, plan)
  File "/Users/cliste/dev/cianfhoghlaim/sruth/oideachais/.venv/lib/python3.12/site-packages/sqlmesh/core/plan/evaluator.py", line 125, in _evaluate_stages
    handler(stage, plan)
  File "/Users/cliste/dev/cianfhoghlaim/sruth/oideachais/.venv/lib/python3.12/site-packages/sqlmesh/core/plan/evaluator.py", line 264, in visit_backfill_stage
    raise PlanError("Plan application failed.")
sqlmesh.utils.errors.PlanError: Plan application failed.
2025-12-30 02:53:40,746 - MainThread - root - INFO - Shutting down the event dispatcher (dispatcher.py:159)
