2026-01-04 14:04:57 +0000 - dagster - DEBUG - __ASSET_JOB - e2bf7f44-4897-4692-b5b8-d57ddd1b511b - 5098 - LOGS_CAPTURED - Started capturing logs in process (pid: 5098).
2026-01-04 14:04:57 +0000 - dagster - DEBUG - __ASSET_JOB - e2bf7f44-4897-4692-b5b8-d57ddd1b511b - 5098 - ireland__curriculum__short_courses - STEP_RESTARTED - Started re-execution (attempt # 4) of step "ireland__curriculum__short_courses".
2026-01-04 14:04:57 +0000 - dagster - INFO - __ASSET_JOB - e2bf7f44-4897-4692-b5b8-d57ddd1b511b - ireland__curriculum__short_courses - Ingesting short course: artistic-performance/en
2026-01-04 14:04:57 +0000 - dagster - INFO - __ASSET_JOB - e2bf7f44-4897-4692-b5b8-d57ddd1b511b - ireland__curriculum__short_courses -   curriculumonline/en: https://www.curriculumonline.ie/junior-cycle/short-courses/artistic-performance/
2026-01-04 14:04:57 +0000 - dagster - INFO - __ASSET_JOB - e2bf7f44-4897-4692-b5b8-d57ddd1b511b - ireland__curriculum__short_courses - Scraped 1 pages for short course artistic-performance
DB operation #1 failed: Pipeline execution failed at `step=sync` with exception:

<class 'dlt.common.exceptions.MissingDependencyException'>

You must install additional dependencies to run `ducklake destination`. If you use pip you may do the following:

pip install "dlt[ducklake]"

Dependencies for specific destinations are available as extras of dlt
2026-01-04 14:04:57 +0000 - dagster - ERROR - __ASSET_JOB - e2bf7f44-4897-4692-b5b8-d57ddd1b511b - 5098 - ireland__curriculum__short_courses - STEP_FAILURE - Execution of step "ireland__curriculum__short_courses" failed.

Exceeded max_retries of 3:

dlt.pipeline.exceptions.PipelineStepFailed: Pipeline execution failed at `step=sync` with exception:

<class 'dlt.common.exceptions.MissingDependencyException'>

You must install additional dependencies to run `ducklake destination`. If you use pip you may do the following:

pip install "dlt[ducklake]"

Dependencies for specific destinations are available as extras of dlt

Stack Trace:
  File "/Users/cliste/dev/cianfhoghlaim/.venv/lib/python3.12/site-packages/dagster/_core/execution/plan/utils.py", line 57, in op_execution_error_boundary
    yield
  File "/Users/cliste/dev/cianfhoghlaim/.venv/lib/python3.12/site-packages/dagster/_utils/__init__.py", line 394, in iterate_with_context
    next_output = next(iterator)
                  ^^^^^^^^^^^^^^
  File "/Users/cliste/dev/cianfhoghlaim/.venv/lib/python3.12/site-packages/dagster/_core/execution/plan/compute_generator.py", line 135, in _coerce_op_compute_fn_to_iterator
    result = invoke_compute_fn(
             ^^^^^^^^^^^^^^^^^^
  File "/Users/cliste/dev/cianfhoghlaim/.venv/lib/python3.12/site-packages/dagster/_core/execution/plan/compute_generator.py", line 115, in invoke_compute_fn
    return fn(context, **args_to_pass) if context_arg_provided else fn(**args_to_pass)
           ^^^^^^^^^^^^^^^^^^^^^^^^^^^
  File "/Users/cliste/dev/cianfhoghlaim/sruth/oideachais/dagster_defs/assets/ireland/curriculum_dlt_assets.py", line 407, in _short_course_asset
    load_info = safe_dlt_run(
                ^^^^^^^^^^^^^
  File "/Users/cliste/dev/cianfhoghlaim/sruth/oideachais/dlt_utils/safety.py", line 57, in safe_dlt_run
    return executor.run(_run)
           ^^^^^^^^^^^^^^^^^^
  File "/Users/cliste/dev/cianfhoghlaim/sruth/oideachais/core/storage/serial_executor.py", line 90, in run
    result = future.result()
             ^^^^^^^^^^^^^^^
  File "/Users/cliste/.local/share/mise/installs/python/3.12.10/lib/python3.12/concurrent/futures/_base.py", line 456, in result
    return self.__get_result()
           ^^^^^^^^^^^^^^^^^^^
  File "/Users/cliste/.local/share/mise/installs/python/3.12.10/lib/python3.12/concurrent/futures/_base.py", line 401, in __get_result
    raise self._exception
  File "/Users/cliste/.local/share/mise/installs/python/3.12.10/lib/python3.12/concurrent/futures/thread.py", line 59, in run
    result = self.fn(*self.args, **self.kwargs)
             ^^^^^^^^^^^^^^^^^^^^^^^^^^^^^^^^^^
  File "/Users/cliste/dev/cianfhoghlaim/sruth/oideachais/dlt_utils/safety.py", line 55, in _run
    return pipeline.run(data, **kwargs)
           ^^^^^^^^^^^^^^^^^^^^^^^^^^^^
  File "/Users/cliste/dev/cianfhoghlaim/.venv/lib/python3.12/site-packages/dlt/pipeline/pipeline.py", line 224, in _wrap
    step_info = f(self, *args, **kwargs)
                ^^^^^^^^^^^^^^^^^^^^^^^^
  File "/Users/cliste/dev/cianfhoghlaim/.venv/lib/python3.12/site-packages/dlt/pipeline/pipeline.py", line 272, in _wrap
    return f(self, *args, **kwargs)
           ^^^^^^^^^^^^^^^^^^^^^^^^
  File "/Users/cliste/dev/cianfhoghlaim/.venv/lib/python3.12/site-packages/dlt/pipeline/pipeline.py", line 714, in run
    self._sync_destination(destination, staging, dataset_name)
  File "/Users/cliste/dev/cianfhoghlaim/.venv/lib/python3.12/site-packages/dlt/pipeline/pipeline.py", line 178, in _wrap
    rv = f(self, *args, **kwargs)
         ^^^^^^^^^^^^^^^^^^^^^^^^
  File "/Users/cliste/dev/cianfhoghlaim/.venv/lib/python3.12/site-packages/dlt/pipeline/pipeline.py", line 884, in _sync_destination
    raise PipelineStepFailed(self, "sync", None, ex, None) from ex

The above exception was caused by the following exception:
dlt.common.exceptions.MissingDependencyException: 
You must install additional dependencies to run `ducklake destination`. If you use pip you may do the following:

pip install "dlt[ducklake]"

Dependencies for specific destinations are available as extras of dlt

Stack Trace:
  File "/Users/cliste/dev/cianfhoghlaim/.venv/lib/python3.12/site-packages/dlt/pipeline/pipeline.py", line 789, in _sync_destination
    remote_state = self._restore_state_from_destination()
                   ^^^^^^^^^^^^^^^^^^^^^^^^^^^^^^^^^^^^^^
  File "/Users/cliste/dev/cianfhoghlaim/.venv/lib/python3.12/site-packages/dlt/pipeline/pipeline.py", line 1609, in _restore_state_from_destination
    with self._get_destination_clients(schema)[0] as job_client:
         ^^^^^^^^^^^^^^^^^^^^^^^^^^^^^^^^^^^^^
  File "/Users/cliste/dev/cianfhoghlaim/.venv/lib/python3.12/site-packages/dlt/pipeline/pipeline.py", line 1358, in _get_destination_clients
    destination_client, staging_client = get_destination_clients(
                                         ^^^^^^^^^^^^^^^^^^^^^^^^
  File "/Users/cliste/dev/cianfhoghlaim/.venv/lib/python3.12/site-packages/dlt/dataset/utils.py", line 93, in get_destination_clients
    raise MissingDependencyException(

The above exception occurred during handling of the following exception:
ModuleNotFoundError: No module named 'duckdb'

Stack Trace:
  File "/Users/cliste/dev/cianfhoghlaim/.venv/lib/python3.12/site-packages/dlt/dataset/utils.py", line 85, in get_destination_clients
    client = destination.client(schema, initial_config)
             ^^^^^^^^^^^^^^^^^^^^^^^^^^^^^^^^^^^^^^^^^^
  File "/Users/cliste/dev/cianfhoghlaim/.venv/lib/python3.12/site-packages/dlt/common/destination/reference.py", line 191, in client
    return self.client_class(schema, config, caps)
           ^^^^^^^^^^^^^^^^^
  File "/Users/cliste/dev/cianfhoghlaim/.venv/lib/python3.12/site-packages/dlt/destinations/impl/ducklake/factory.py", line 65, in client_class
    from dlt.destinations.impl.ducklake.ducklake import DuckLakeClient
  File "/Users/cliste/dev/cianfhoghlaim/.venv/lib/python3.12/site-packages/dlt/destinations/impl/ducklake/ducklake.py", line 64, in <module>
    from dlt.destinations.impl.duckdb.duck import DuckDbClient, DuckDbCopyJob
  File "/Users/cliste/dev/cianfhoghlaim/.venv/lib/python3.12/site-packages/dlt/destinations/impl/duckdb/duck.py", line 18, in <module>
    from dlt.destinations.impl.duckdb.sql_client import DuckDbSqlClient
  File "/Users/cliste/dev/cianfhoghlaim/.venv/lib/python3.12/site-packages/dlt/destinations/impl/duckdb/sql_client.py", line 3, in <module>
    import duckdb

