2026-01-04 14:10:39 +0000 - dagster - DEBUG - __ASSET_JOB - 62791a89-7cef-4c0c-ba43-c4c47746dc9c - 9387 - LOGS_CAPTURED - Started capturing logs in process (pid: 9387).
2026-01-04 14:10:39 +0000 - dagster - DEBUG - __ASSET_JOB - 62791a89-7cef-4c0c-ba43-c4c47746dc9c - 9387 - ireland__curriculum__short_courses - STEP_RESTARTED - Started re-execution (attempt # 4) of step "ireland__curriculum__short_courses".
2026-01-04 14:10:39 +0000 - dagster - INFO - __ASSET_JOB - 62791a89-7cef-4c0c-ba43-c4c47746dc9c - ireland__curriculum__short_courses - Ingesting short course: coding/ga
2026-01-04 14:10:39 +0000 - dagster - INFO - __ASSET_JOB - 62791a89-7cef-4c0c-ba43-c4c47746dc9c - ireland__curriculum__short_courses -   curriculumonline/ga: https://www.curriculumonline.ie/ga-ie/junior-cycle/short-courses/coding/
2026-01-04 14:11:14 +0000 - dagster - INFO - __ASSET_JOB - 62791a89-7cef-4c0c-ba43-c4c47746dc9c - ireland__curriculum__short_courses - Scraped 10 pages for short course coding
DB operation #1 failed: Pipeline execution failed at `step=sync` with exception:

<class 'dlt.destinations.exceptions.DestinationConnectionError'>
Connection with `client_type=DuckLakeSqlClient` to `dataset_name=curriculum` failed. Please check if you configured the credentials at all and provided the right credentials values. You can be also denied access or your internet connection may be down. The actual reason given is: DATA_PATH parameter "/Users/cliste/dev/cianfhoghlaim/sruth/oideachais/ducklake.files/" does not match existing data path in the catalog "/Users/cliste/dev/cianfhoghlaim/ducklake.files/".
You can override the DATA_PATH by setting OVERRIDE_DATA_PATH to True.
2026-01-04 14:11:14 +0000 - dagster - ERROR - __ASSET_JOB - 62791a89-7cef-4c0c-ba43-c4c47746dc9c - 9387 - ireland__curriculum__short_courses - STEP_FAILURE - Execution of step "ireland__curriculum__short_courses" failed.

Exceeded max_retries of 3:

dlt.pipeline.exceptions.PipelineStepFailed: Pipeline execution failed at `step=sync` with exception:

<class 'dlt.destinations.exceptions.DestinationConnectionError'>
Connection with `client_type=DuckLakeSqlClient` to `dataset_name=curriculum` failed. Please check if you configured the credentials at all and provided the right credentials values. You can be also denied access or your internet connection may be down. The actual reason given is: DATA_PATH parameter "/Users/cliste/dev/cianfhoghlaim/sruth/oideachais/ducklake.files/" does not match existing data path in the catalog "/Users/cliste/dev/cianfhoghlaim/ducklake.files/".
You can override the DATA_PATH by setting OVERRIDE_DATA_PATH to True.

Stack Trace:
  File "/Users/cliste/dev/cianfhoghlaim/.venv/lib/python3.12/site-packages/dagster/_core/execution/plan/utils.py", line 57, in op_execution_error_boundary
    yield
  File "/Users/cliste/dev/cianfhoghlaim/.venv/lib/python3.12/site-packages/dagster/_utils/__init__.py", line 394, in iterate_with_context
    next_output = next(iterator)
                  ^^^^^^^^^^^^^^
  File "/Users/cliste/dev/cianfhoghlaim/.venv/lib/python3.12/site-packages/dagster/_core/execution/plan/compute_generator.py", line 135, in _coerce_op_compute_fn_to_iterator
    result = invoke_compute_fn(
             ^^^^^^^^^^^^^^^^^^
  File "/Users/cliste/dev/cianfhoghlaim/.venv/lib/python3.12/site-packages/dagster/_core/execution/plan/compute_generator.py", line 115, in invoke_compute_fn
    return fn(context, **args_to_pass) if context_arg_provided else fn(**args_to_pass)
           ^^^^^^^^^^^^^^^^^^^^^^^^^^^
  File "/Users/cliste/dev/cianfhoghlaim/sruth/oideachais/dagster_defs/assets/ireland/curriculum_dlt_assets.py", line 407, in _short_course_asset
    load_info = safe_dlt_run(
                ^^^^^^^^^^^^^
  File "/Users/cliste/dev/cianfhoghlaim/sruth/oideachais/dlt_utils/safety.py", line 57, in safe_dlt_run
    return executor.run(_run)
           ^^^^^^^^^^^^^^^^^^
  File "/Users/cliste/dev/cianfhoghlaim/sruth/oideachais/core/storage/serial_executor.py", line 90, in run
    result = future.result()
             ^^^^^^^^^^^^^^^
  File "/Users/cliste/.local/share/mise/installs/python/3.12.10/lib/python3.12/concurrent/futures/_base.py", line 456, in result
    return self.__get_result()
           ^^^^^^^^^^^^^^^^^^^
  File "/Users/cliste/.local/share/mise/installs/python/3.12.10/lib/python3.12/concurrent/futures/_base.py", line 401, in __get_result
    raise self._exception
  File "/Users/cliste/.local/share/mise/installs/python/3.12.10/lib/python3.12/concurrent/futures/thread.py", line 59, in run
    result = self.fn(*self.args, **self.kwargs)
             ^^^^^^^^^^^^^^^^^^^^^^^^^^^^^^^^^^
  File "/Users/cliste/dev/cianfhoghlaim/sruth/oideachais/dlt_utils/safety.py", line 55, in _run
    return pipeline.run(data, **kwargs)
           ^^^^^^^^^^^^^^^^^^^^^^^^^^^^
  File "/Users/cliste/dev/cianfhoghlaim/.venv/lib/python3.12/site-packages/dlt/pipeline/pipeline.py", line 224, in _wrap
    step_info = f(self, *args, **kwargs)
                ^^^^^^^^^^^^^^^^^^^^^^^^
  File "/Users/cliste/dev/cianfhoghlaim/.venv/lib/python3.12/site-packages/dlt/pipeline/pipeline.py", line 272, in _wrap
    return f(self, *args, **kwargs)
           ^^^^^^^^^^^^^^^^^^^^^^^^
  File "/Users/cliste/dev/cianfhoghlaim/.venv/lib/python3.12/site-packages/dlt/pipeline/pipeline.py", line 714, in run
    self._sync_destination(destination, staging, dataset_name)
  File "/Users/cliste/dev/cianfhoghlaim/.venv/lib/python3.12/site-packages/dlt/pipeline/pipeline.py", line 178, in _wrap
    rv = f(self, *args, **kwargs)
         ^^^^^^^^^^^^^^^^^^^^^^^^
  File "/Users/cliste/dev/cianfhoghlaim/.venv/lib/python3.12/site-packages/dlt/pipeline/pipeline.py", line 884, in _sync_destination
    raise PipelineStepFailed(self, "sync", None, ex, None) from ex

The above exception was caused by the following exception:
dlt.destinations.exceptions.DestinationConnectionError: Connection with `client_type=DuckLakeSqlClient` to `dataset_name=curriculum` failed. Please check if you configured the credentials at all and provided the right credentials values. You can be also denied access or your internet connection may be down. The actual reason given is: DATA_PATH parameter "/Users/cliste/dev/cianfhoghlaim/sruth/oideachais/ducklake.files/" does not match existing data path in the catalog "/Users/cliste/dev/cianfhoghlaim/ducklake.files/".
You can override the DATA_PATH by setting OVERRIDE_DATA_PATH to True.

Stack Trace:
  File "/Users/cliste/dev/cianfhoghlaim/.venv/lib/python3.12/site-packages/dlt/pipeline/pipeline.py", line 789, in _sync_destination
    remote_state = self._restore_state_from_destination()
                   ^^^^^^^^^^^^^^^^^^^^^^^^^^^^^^^^^^^^^^
  File "/Users/cliste/dev/cianfhoghlaim/.venv/lib/python3.12/site-packages/dlt/pipeline/pipeline.py", line 1609, in _restore_state_from_destination
    with self._get_destination_clients(schema)[0] as job_client:
         ~~~~~~~~~~~~~~~~~~~~~~~~~~~~~~~~~~~~~^^^
  File "/Users/cliste/dev/cianfhoghlaim/.venv/lib/python3.12/site-packages/dlt/destinations/job_client_impl.py", line 424, in __enter__
    self.sql_client.open_connection()
  File "/Users/cliste/dev/cianfhoghlaim/.venv/lib/python3.12/site-packages/dlt/destinations/sql_client.py", line 484, in _wrap
    raise DestinationConnectionError(type(self).__name__, self.dataset_name, str(ex), ex)

The above exception occurred during handling of the following exception:
_duckdb.Error: DATA_PATH parameter "/Users/cliste/dev/cianfhoghlaim/sruth/oideachais/ducklake.files/" does not match existing data path in the catalog "/Users/cliste/dev/cianfhoghlaim/ducklake.files/".
You can override the DATA_PATH by setting OVERRIDE_DATA_PATH to True.

Stack Trace:
  File "/Users/cliste/dev/cianfhoghlaim/.venv/lib/python3.12/site-packages/dlt/destinations/sql_client.py", line 476, in _wrap
    return f(self, *args, **kwargs)
           ^^^^^^^^^^^^^^^^^^^^^^^^
  File "/Users/cliste/dev/cianfhoghlaim/.venv/lib/python3.12/site-packages/dlt/destinations/impl/ducklake/sql_client.py", line 59, in open_connection
    self._conn.execute(self.attach_statement)

